Archive member included to satisfy reference by file (symbol)

d:/program files (x86)/atmel/studio/7.0/toolchain/arm/arm-gnu-toolchain/bin/../lib/gcc/arm-none-eabi/6.3.1/thumb/v6-m\libgcc.a(_udivsi3.o)
                              src/ASF/sam0/drivers/nvm/nvm.o (__aeabi_uidiv)
d:/program files (x86)/atmel/studio/7.0/toolchain/arm/arm-gnu-toolchain/bin/../lib/gcc/arm-none-eabi/6.3.1/thumb/v6-m\libgcc.a(_dvmd_tls.o)
                              d:/program files (x86)/atmel/studio/7.0/toolchain/arm/arm-gnu-toolchain/bin/../lib/gcc/arm-none-eabi/6.3.1/thumb/v6-m\libgcc.a(_udivsi3.o) (__aeabi_idiv0)
d:/program files (x86)/atmel/studio/7.0/toolchain/arm/arm-gnu-toolchain/bin/../lib/gcc/arm-none-eabi/6.3.1/thumb/v6-m\libgcc.a(_muldi3.o)
                              src/ASF/sam0/drivers/sercom/sercom.o (__aeabi_lmul)
d:/program files (x86)/atmel/studio/7.0/toolchain/arm/arm-gnu-toolchain/bin/../lib/gcc/arm-none-eabi/6.3.1/../../../../arm-none-eabi/lib/thumb/v6-m\libc_nano.a(lib_a-exit.o)
                              d:/program files (x86)/atmel/studio/7.0/toolchain/arm/arm-gnu-toolchain/bin/../lib/gcc/arm-none-eabi/6.3.1/../../../../arm-none-eabi/lib/thumb/v6-m/crt0.o (exit)
d:/program files (x86)/atmel/studio/7.0/toolchain/arm/arm-gnu-toolchain/bin/../lib/gcc/arm-none-eabi/6.3.1/../../../../arm-none-eabi/lib/thumb/v6-m\libc_nano.a(lib_a-impure.o)
                              d:/program files (x86)/atmel/studio/7.0/toolchain/arm/arm-gnu-toolchain/bin/../lib/gcc/arm-none-eabi/6.3.1/../../../../arm-none-eabi/lib/thumb/v6-m\libc_nano.a(lib_a-exit.o) (_global_impure_ptr)
d:/program files (x86)/atmel/studio/7.0/toolchain/arm/arm-gnu-toolchain/bin/../lib/gcc/arm-none-eabi/6.3.1/../../../../arm-none-eabi/lib/thumb/v6-m\libc_nano.a(lib_a-init.o)
                              d:/program files (x86)/atmel/studio/7.0/toolchain/arm/arm-gnu-toolchain/bin/../lib/gcc/arm-none-eabi/6.3.1/../../../../arm-none-eabi/lib/thumb/v6-m/crt0.o (__libc_init_array)
d:/program files (x86)/atmel/studio/7.0/toolchain/arm/arm-gnu-toolchain/bin/../lib/gcc/arm-none-eabi/6.3.1/../../../../arm-none-eabi/lib/thumb/v6-m\libc_nano.a(lib_a-memset.o)
                              d:/program files (x86)/atmel/studio/7.0/toolchain/arm/arm-gnu-toolchain/bin/../lib/gcc/arm-none-eabi/6.3.1/../../../../arm-none-eabi/lib/thumb/v6-m/crt0.o (memset)
d:/program files (x86)/atmel/studio/7.0/toolchain/arm/arm-gnu-toolchain/bin/../lib/gcc/arm-none-eabi/6.3.1/../../../../arm-none-eabi/lib/thumb/v6-m\libc_nano.a(lib_a-printf.o)
                              src/main.o (printf)
d:/program files (x86)/atmel/studio/7.0/toolchain/arm/arm-gnu-toolchain/bin/../lib/gcc/arm-none-eabi/6.3.1/../../../../arm-none-eabi/lib/thumb/v6-m\libc_nano.a(lib_a-puts.o)
                              src/main.o (puts)
d:/program files (x86)/atmel/studio/7.0/toolchain/arm/arm-gnu-toolchain/bin/../lib/gcc/arm-none-eabi/6.3.1/../../../../arm-none-eabi/lib/thumb/v6-m\libc_nano.a(lib_a-setbuf.o)
                              src/misc.o (setbuf)
d:/program files (x86)/atmel/studio/7.0/toolchain/arm/arm-gnu-toolchain/bin/../lib/gcc/arm-none-eabi/6.3.1/../../../../arm-none-eabi/lib/thumb/v6-m\libc_nano.a(lib_a-setvbuf.o)
                              d:/program files (x86)/atmel/studio/7.0/toolchain/arm/arm-gnu-toolchain/bin/../lib/gcc/arm-none-eabi/6.3.1/../../../../arm-none-eabi/lib/thumb/v6-m\libc_nano.a(lib_a-setbuf.o) (setvbuf)
d:/program files (x86)/atmel/studio/7.0/toolchain/arm/arm-gnu-toolchain/bin/../lib/gcc/arm-none-eabi/6.3.1/../../../../arm-none-eabi/lib/thumb/v6-m\libc_nano.a(lib_a-wbuf.o)
                              d:/program files (x86)/atmel/studio/7.0/toolchain/arm/arm-gnu-toolchain/bin/../lib/gcc/arm-none-eabi/6.3.1/../../../../arm-none-eabi/lib/thumb/v6-m\libc_nano.a(lib_a-puts.o) (__swbuf_r)
d:/program files (x86)/atmel/studio/7.0/toolchain/arm/arm-gnu-toolchain/bin/../lib/gcc/arm-none-eabi/6.3.1/../../../../arm-none-eabi/lib/thumb/v6-m\libc_nano.a(lib_a-wsetup.o)
                              d:/program files (x86)/atmel/studio/7.0/toolchain/arm/arm-gnu-toolchain/bin/../lib/gcc/arm-none-eabi/6.3.1/../../../../arm-none-eabi/lib/thumb/v6-m\libc_nano.a(lib_a-puts.o) (__swsetup_r)
d:/program files (x86)/atmel/studio/7.0/toolchain/arm/arm-gnu-toolchain/bin/../lib/gcc/arm-none-eabi/6.3.1/../../../../arm-none-eabi/lib/thumb/v6-m\libc_nano.a(lib_a-fflush.o)
                              d:/program files (x86)/atmel/studio/7.0/toolchain/arm/arm-gnu-toolchain/bin/../lib/gcc/arm-none-eabi/6.3.1/../../../../arm-none-eabi/lib/thumb/v6-m\libc_nano.a(lib_a-setvbuf.o) (_fflush_r)
d:/program files (x86)/atmel/studio/7.0/toolchain/arm/arm-gnu-toolchain/bin/../lib/gcc/arm-none-eabi/6.3.1/../../../../arm-none-eabi/lib/thumb/v6-m\libc_nano.a(lib_a-findfp.o)
[...]
Memory Configuration

Name             Origin             Length             Attributes
rom              0x00000000         0x00020000         xr
ram              0x20000000         0x00004000         xrw
*default*        0x00000000         0xffffffff

Linker script and memory map

LOAD d:/program files (x86)/atmel/studio/7.0/toolchain/arm/arm-gnu-toolchain/bin/../lib/gcc/arm-none-eabi/6.3.1/thumb/v6-m/crti.o
LOAD d:/program files (x86)/atmel/studio/7.0/toolchain/arm/arm-gnu-toolchain/bin/../lib/gcc/arm-none-eabi/6.3.1/thumb/v6-m/crtbegin.o
LOAD d:/program files (x86)/atmel/studio/7.0/toolchain/arm/arm-gnu-toolchain/bin/../lib/gcc/arm-none-eabi/6.3.1/../../../../arm-none-eabi/lib/thumb/v6-m/crt0.o
LOAD src/ASF/sam0/drivers/nvm/nvm.o
LOAD src/ASF/sam0/drivers/port/port.o
LOAD src/ASF/sam0/drivers/sercom/sercom.o
LOAD src/ASF/sam0/utils/stdio/read.o
LOAD src/ASF/sam0/utils/stdio/write.o
LOAD src/misc.o
LOAD src/ASF/sam0/drivers/sercom/usart/usart.o
LOAD src/ASF/common2/boards/user_board/init.o
LOAD src/ASF/common/utils/interrupt/interrupt_sam_nvic.o
LOAD src/ASF/sam0/drivers/system/clock/clock_samd21_r21_da_ha1/clock.o
LOAD src/ASF/sam0/drivers/system/clock/clock_samd21_r21_da_ha1/gclk.o
LOAD src/ASF/sam0/drivers/system/interrupt/system_interrupt.o
LOAD src/ASF/sam0/drivers/system/pinmux/pinmux.o
LOAD src/ASF/sam0/drivers/system/system.o
LOAD src/ASF/sam0/utils/cmsis/samd21/source/gcc/startup_samd21.o
LOAD src/ASF/sam0/utils/cmsis/samd21/source/system_samd21.o
LOAD src/ASF/sam0/utils/syscalls/gcc/syscalls.o
LOAD src/main.o
START GROUP
LOAD ../src/ASF/thirdparty/CMSIS/Lib/GCC\libarm_cortexM0l_math.a
LOAD d:/program files (x86)/atmel/studio/7.0/toolchain/arm/arm-gnu-toolchain/bin/../lib/gcc/arm-none-eabi/6.3.1/../../../../arm-none-eabi/lib/thumb/v6-m\libm.a
END GROUP
START GROUP
LOAD d:/program files (x86)/atmel/studio/7.0/toolchain/arm/arm-gnu-toolchain/bin/../lib/gcc/arm-none-eabi/6.3.1/thumb/v6-m\libgcc.a
LOAD d:/program files (x86)/atmel/studio/7.0/toolchain/arm/arm-gnu-toolchain/bin/../lib/gcc/arm-none-eabi/6.3.1/../../../../arm-none-eabi/lib/thumb/v6-m\libc_nano.a
END GROUP
START GROUP
LOAD d:/program files (x86)/atmel/studio/7.0/toolchain/arm/arm-gnu-toolchain/bin/../lib/gcc/arm-none-eabi/6.3.1/thumb/v6-m\libgcc.a
LOAD d:/program files (x86)/atmel/studio/7.0/toolchain/arm/arm-gnu-toolchain/bin/../lib/gcc/arm-none-eabi/6.3.1/../../../../arm-none-eabi/lib/thumb/v6-m\libc_nano.a
END GROUP
LOAD d:/program files (x86)/atmel/studio/7.0/toolchain/arm/arm-gnu-toolchain/bin/../lib/gcc/arm-none-eabi/6.3.1/thumb/v6-m/crtend.o
LOAD d:/program files (x86)/atmel/studio/7.0/toolchain/arm/arm-gnu-toolchain/bin/../lib/gcc/arm-none-eabi/6.3.1/thumb/v6-m/crtn.o
                0x00001000                STACK_SIZE = DEFINED (STACK_SIZE)?STACK_SIZE:DEFINED (__stack_size__)?__stack_size__:0x1000

.text           0x00000000     0x2ae4
                0x00000000                . = ALIGN (0x4)
                0x00000000                _sfixed = .
 *(.vectors .vectors.*)
 .vectors       0x00000000       0xb4 src/ASF/sam0/utils/cmsis/samd21/source/gcc/startup_samd21.o
                0x00000000                exception_table
 *(.text .text.* .gnu.linkonce.t.*)
 .text          0x000000b4       0x60 d:/program files (x86)/atmel/studio/7.0/toolchain/arm/arm-gnu-toolchain/bin/../lib/gcc/arm-none-eabi/6.3.1/thumb/v6-m/crtbegin.o
 .text.nvm_set_config
                0x00000114       0x88 src/ASF/sam0/drivers/nvm/nvm.o
                0x00000114                nvm_set_config
 .text.nvm_execute_command
                0x0000019c       0xa0 src/ASF/sam0/drivers/nvm/nvm.o
                0x0000019c                nvm_execute_command
 .text.nvm_write_buffer
                0x0000023c       0xa8 src/ASF/sam0/drivers/nvm/nvm.o
                0x0000023c                nvm_write_buffer
 .text.nvm_erase_row
                0x000002e4       0x5c src/ASF/sam0/drivers/nvm/nvm.o
                0x000002e4                nvm_erase_row
 .text.long_division
                0x00000340       0xba src/ASF/sam0/drivers/sercom/sercom.o
 .text._sercom_get_sync_baud_val
                0x000003fa       0x28 src/ASF/sam0/drivers/sercom/sercom.o
                0x000003fa                _sercom_get_sync_baud_val
 *fill*         0x00000422        0x2 
 .text._sercom_get_async_baud_val
                0x00000424       0x94 src/ASF/sam0/drivers/sercom/sercom.o
                0x00000424                _sercom_get_async_baud_val
 .text.sercom_set_gclk_generator
                0x000004b8       0x4c src/ASF/sam0/drivers/sercom/sercom.o
                0x000004b8                sercom_set_gclk_generator
 .text._sercom_get_default_pad
                0x00000504       0xfc src/ASF/sam0/drivers/sercom/sercom.o
                0x00000504                _sercom_get_default_pad
 .text._sercom_get_sercom_inst_index
                0x00000600       0x48 src/ASF/sam0/drivers/sercom/sercom.o
                0x00000600                _sercom_get_sercom_inst_index
 .text._read    0x00000648       0x44 src/ASF/sam0/utils/stdio/read.o
                0x00000648                _read
 .text._write   0x0000068c       0x50 src/ASF/sam0/utils/stdio/write.o
                0x0000068c                _write
 .text.usart_serial_getchar
                0x000006dc       0x2c src/misc.o
 .text.usart_serial_putchar
                0x00000708       0x18 src/misc.o
 .text.console_init
                0x00000720       0xe4 src/misc.o
                0x00000720                console_init
 .text.usart_init
                0x00000804      0x2fc src/ASF/sam0/drivers/sercom/usart/usart.o
                0x00000804                usart_init
 .text.usart_write_wait
                0x00000b00       0x2a src/ASF/sam0/drivers/sercom/usart/usart.o
                0x00000b00                usart_write_wait
 .text.usart_read_wait
                0x00000b2a       0x68 src/ASF/sam0/drivers/sercom/usart/usart.o
                0x00000b2a                usart_read_wait
 *fill*         0x00000b92        0x2 
 .text.usart_read_buffer_wait
                0x00000b94       0x98 src/ASF/sam0/drivers/sercom/usart/usart.o
                0x00000b94                usart_read_buffer_wait
 .text.system_board_init
                0x00000c2c        0x2 src/ASF/common2/boards/user_board/init.o
                0x00000c2c                board_init
                0x00000c2c                system_board_init
 *fill*         0x00000c2e        0x2 
 .text.cpu_irq_enter_critical
                0x00000c30       0x40 src/ASF/common/utils/interrupt/interrupt_sam_nvic.o
                0x00000c30                cpu_irq_enter_critical
 .text.cpu_irq_leave_critical
                0x00000c70       0x30 src/ASF/common/utils/interrupt/interrupt_sam_nvic.o
                0x00000c70                cpu_irq_leave_critical
 .text.system_clock_source_get_hz
                0x00000ca0       0x90 src/ASF/sam0/drivers/system/clock/clock_samd21_r21_da_ha1/clock.o
                0x00000ca0                system_clock_source_get_hz
 .text.system_clock_source_osc8m_set_config
                0x00000d30       0x3c src/ASF/sam0/drivers/system/clock/clock_samd21_r21_da_ha1/clock.o
                0x00000d30                system_clock_source_osc8m_set_config
 .text.system_clock_source_enable
                0x00000d6c       0xa8 src/ASF/sam0/drivers/system/clock/clock_samd21_r21_da_ha1/clock.o
                0x00000d6c                system_clock_source_enable
 .text.system_clock_init
                0x00000e14       0x98 src/ASF/sam0/drivers/system/clock/clock_samd21_r21_da_ha1/clock.o
                0x00000e14                system_clock_init
 .text.system_gclk_init
                0x00000eac       0x24 src/ASF/sam0/drivers/system/clock/clock_samd21_r21_da_ha1/gclk.o
                0x00000eac                system_gclk_init
 .text.system_gclk_gen_set_config
                0x00000ed0       0xb8 src/ASF/sam0/drivers/system/clock/clock_samd21_r21_da_ha1/gclk.o
                0x00000ed0                system_gclk_gen_set_config
 .text.system_gclk_gen_enable
                0x00000f88       0x44 src/ASF/sam0/drivers/system/clock/clock_samd21_r21_da_ha1/gclk.o
                0x00000f88                system_gclk_gen_enable
 .text.system_gclk_gen_get_hz
                0x00000fcc       0x8c src/ASF/sam0/drivers/system/clock/clock_samd21_r21_da_ha1/gclk.o
                0x00000fcc                system_gclk_gen_get_hz
 .text.system_gclk_chan_enable
                0x00001058       0x30 src/ASF/sam0/drivers/system/clock/clock_samd21_r21_da_ha1/gclk.o
                0x00001058                system_gclk_chan_enable
 .text.system_gclk_chan_disable
                0x00001088       0x5c src/ASF/sam0/drivers/system/clock/clock_samd21_r21_da_ha1/gclk.o
                0x00001088                system_gclk_chan_disable
 .text.system_gclk_chan_set_config
                0x000010e4       0x1c src/ASF/sam0/drivers/system/clock/clock_samd21_r21_da_ha1/gclk.o
                0x000010e4                system_gclk_chan_set_config
 .text.system_gclk_chan_get_hz
                0x00001100       0x34 src/ASF/sam0/drivers/system/clock/clock_samd21_r21_da_ha1/gclk.o
                0x00001100                system_gclk_chan_get_hz
 .text._system_pinmux_config
                0x00001134       0xa8 src/ASF/sam0/drivers/system/pinmux/pinmux.o
 .text.system_pinmux_pin_set_config
                0x000011dc       0x30 src/ASF/sam0/drivers/system/pinmux/pinmux.o
                0x000011dc                system_pinmux_pin_set_config
 .text._system_dummy_init
                0x0000120c        0x2 src/ASF/sam0/drivers/system/system.o
                0x0000120c                _system_extint_init
                0x0000120c                _system_events_init
                0x0000120c                _system_dummy_init
                0x0000120c                _system_divas_init
 *fill*         0x0000120e        0x2 
 .text.system_init
                0x00001210       0x2c src/ASF/sam0/drivers/system/system.o
                0x00001210                system_init
 .text.Dummy_Handler
                0x0000123c        0x2 src/ASF/sam0/utils/cmsis/samd21/source/gcc/startup_samd21.o
                0x0000123c                DMAC_Handler
                0x0000123c                HardFault_Handler
                0x0000123c                AC_Handler
                0x0000123c                SysTick_Handler
                0x0000123c                PendSV_Handler
                0x0000123c                NMI_Handler
                0x0000123c                SERCOM1_Handler
                0x0000123c                ADC_Handler
                0x0000123c                TCC1_Handler
                0x0000123c                SERCOM2_Handler
                0x0000123c                TCC0_Handler
                0x0000123c                RTC_Handler
                0x0000123c                EIC_Handler
                0x0000123c                WDT_Handler
                0x0000123c                TC4_Handler
                0x0000123c                USB_Handler
                0x0000123c                TC3_Handler
                0x0000123c                Dummy_Handler
                0x0000123c                PM_Handler
                0x0000123c                SVC_Handler
                0x0000123c                TCC2_Handler
                0x0000123c                EVSYS_Handler
                0x0000123c                SERCOM3_Handler
                0x0000123c                I2S_Handler
                0x0000123c                NVMCTRL_Handler
                0x0000123c                SERCOM0_Handler
                0x0000123c                DAC_Handler
                0x0000123c                PTC_Handler
                0x0000123c                TC5_Handler
                0x0000123c                SYSCTRL_Handler
 *fill*         0x0000123e        0x2 
 .text.Reset_Handler
                0x00001240       0xe4 src/ASF/sam0/utils/cmsis/samd21/source/gcc/startup_samd21.o
                0x00001240                Reset_Handler
 .text._sbrk    0x00001324       0x24 src/ASF/sam0/utils/syscalls/gcc/syscalls.o
                0x00001324                _sbrk
 .text._close   0x00001348        0x6 src/ASF/sam0/utils/syscalls/gcc/syscalls.o
                0x00001348                _close
 .text._fstat   0x0000134e        0xa src/ASF/sam0/utils/syscalls/gcc/syscalls.o
                0x0000134e                _fstat
 .text._isatty  0x00001358        0x4 src/ASF/sam0/utils/syscalls/gcc/syscalls.o
                0x00001358                _isatty
 .text._lseek   0x0000135c        0x4 src/ASF/sam0/utils/syscalls/gcc/syscalls.o
                0x0000135c                _lseek
 .text.configure_nvm
                0x00001360       0x30 src/main.o
                0x00001360                configure_nvm
 .text.write_to_flash
                0x00001390       0xa0 src/main.o
                0x00001390                write_to_flash
 .text.main     0x00001430       0xf4 src/main.o
                0x00001430                main
 .text          0x00001524      0x114 d:/program files (x86)/atmel/studio/7.0/toolchain/arm/arm-gnu-toolchain/bin/../lib/gcc/arm-none-eabi/6.3.1/thumb/v6-m\libgcc.a(_udivsi3.o)
                0x00001524                __aeabi_uidiv
                0x00001524                __udivsi3
                0x00001630                __aeabi_uidivmod
 .text          0x00001638        0x4 d:/program files (x86)/atmel/studio/7.0/toolchain/arm/arm-gnu-toolchain/bin/../lib/gcc/arm-none-eabi/6.3.1/thumb/v6-m\libgcc.a(_dvmd_tls.o)
                0x00001638                __aeabi_idiv0
                0x00001638                __aeabi_ldiv0
 .text          0x0000163c       0x54 d:/program files (x86)/atmel/studio/7.0/toolchain/arm/arm-gnu-toolchain/bin/../lib/gcc/arm-none-eabi/6.3.1/thumb/v6-m\libgcc.a(_muldi3.o)
                0x0000163c                __muldi3
                0x0000163c                __aeabi_lmul
 .text.__libc_init_array
                0x00001690       0x48 d:/program files (x86)/atmel/studio/7.0/toolchain/arm/arm-gnu-toolchain/bin/../lib/gcc/arm-none-eabi/6.3.1/../../../../arm-none-eabi/lib/thumb/v6-m\libc_nano.a(lib_a-init.o)
                0x00001690                __libc_init_array
 .text.memset   0x000016d8       0x10 d:/program files (x86)/atmel/studio/7.0/toolchain/arm/arm-gnu-toolchain/bin/../lib/gcc/arm-none-eabi/6.3.1/../../../../arm-none-eabi/lib/thumb/v6-m\libc_nano.a(lib_a-memset.o)
                0x000016d8                memset
 .text.printf   0x000016e8       0x34 d:/program files (x86)/atmel/studio/7.0/toolchain/arm/arm-gnu-toolchain/bin/../lib/gcc/arm-none-eabi/6.3.1/../../../../arm-none-eabi/lib/thumb/v6-m\libc_nano.a(lib_a-printf.o)
                0x000016e8                iprintf
                0x000016e8                printf
 .text._puts_r  0x0000171c       0xc0 d:/program files (x86)/atmel/studio/7.0/toolchain/arm/arm-gnu-toolchain/bin/../lib/gcc/arm-none-eabi/6.3.1/../../../../arm-none-eabi/lib/thumb/v6-m\libc_nano.a(lib_a-puts.o)
                0x0000171c                _puts_r
 .text.puts     0x000017dc       0x14 d:/program files (x86)/atmel/studio/7.0/toolchain/arm/arm-gnu-toolchain/bin/../lib/gcc/arm-none-eabi/6.3.1/../../../../arm-none-eabi/lib/thumb/v6-m\libc_nano.a(lib_a-puts.o)
                0x000017dc                puts
 .text.setbuf   0x000017f0       0x12 d:/program files (x86)/atmel/studio/7.0/toolchain/arm/arm-gnu-toolchain/bin/../lib/gcc/arm-none-eabi/6.3.1/../../../../arm-none-eabi/lib/thumb/v6-m\libc_nano.a(lib_a-setbuf.o)
                0x000017f0                setbuf
 *fill*         0x00001802        0x2 
 .text.setvbuf  0x00001804      0x158 d:/program files (x86)/atmel/studio/7.0/toolchain/arm/arm-gnu-toolchain/bin/../lib/gcc/arm-none-eabi/6.3.1/../../../../arm-none-eabi/lib/thumb/v6-m\libc_nano.a(lib_a-setvbuf.o)
                0x00001804                setvbuf
 .text.__swbuf_r
                0x0000195c       0xac d:/program files (x86)/atmel/studio/7.0/toolchain/arm/arm-gnu-toolchain/bin/../lib/gcc/arm-none-eabi/6.3.1/../../../../arm-none-eabi/lib/thumb/v6-m\libc_nano.a(lib_a-wbuf.o)
                0x0000195c                __swbuf_r
 .text.__swsetup_r
                0x00001a08       0xec d:/program files (x86)/atmel/studio/7.0/toolchain/arm/arm-gnu-toolchain/bin/../lib/gcc/arm-none-eabi/6.3.1/../../../../arm-none-eabi/lib/thumb/v6-m\libc_nano.a(lib_a-wsetup.o)
                0x00001a08                __swsetup_r
 .text.__sflush_r
                0x00001af4      0x114 d:/program files (x86)/atmel/studio/7.0/toolchain/arm/arm-gnu-toolchain/bin/../lib/gcc/arm-none-eabi/6.3.1/../../../../arm-none-eabi/lib/thumb/v6-m\libc_nano.a(lib_a-fflush.o)
                0x00001af4                __sflush_r
 .text._fflush_r
                0x00001c08       0x58 d:/program files (x86)/atmel/studio/7.0/toolchain/arm/arm-gnu-toolchain/bin/../lib/gcc/arm-none-eabi/6.3.1/../../../../arm-none-eabi/lib/thumb/v6-m\libc_nano.a(lib_a-fflush.o)
                0x00001c08                _fflush_r
 .text._cleanup_r
                0x00001c60       0x10 d:/program files (x86)/atmel/studio/7.0/toolchain/arm/arm-gnu-toolchain/bin/../lib/gcc/arm-none-eabi/6.3.1/../../../../arm-none-eabi/lib/thumb/v6-m\libc_nano.a(lib_a-findfp.o)
                0x00001c60                _cleanup_r
 .text.std.isra.0
                0x00001c70       0x48 d:/program files (x86)/atmel/studio/7.0/toolchain/arm/arm-gnu-toolchain/bin/../lib/gcc/arm-none-eabi/6.3.1/../../../../arm-none-eabi/lib/thumb/v6-m\libc_nano.a(lib_a-findfp.o)
 .text.__sfmoreglue
                0x00001cb8       0x2c d:/program files (x86)/atmel/studio/7.0/toolchain/arm/arm-gnu-toolchain/bin/../lib/gcc/arm-none-eabi/6.3.1/../../../../arm-none-eabi/lib/thumb/v6-m\libc_nano.a(lib_a-findfp.o)
                0x00001cb8                __sfmoreglue
 .text.__sinit  0x00001ce4       0x68 d:/program files (x86)/atmel/studio/7.0/toolchain/arm/arm-gnu-toolchain/bin/../lib/gcc/arm-none-eabi/6.3.1/../../../../arm-none-eabi/lib/thumb/v6-m\libc_nano.a(lib_a-findfp.o)
                0x00001ce4                __sinit
 .text.__sfp    0x00001d4c       0x80 d:/program files (x86)/atmel/studio/7.0/toolchain/arm/arm-gnu-toolchain/bin/../lib/gcc/arm-none-eabi/6.3.1/../../../../arm-none-eabi/lib/thumb/v6-m\libc_nano.a(lib_a-findfp.o)
                0x00001d4c                __sfp
 .text._fwalk_reent
                0x00001dcc       0x42 d:/program files (x86)/atmel/studio/7.0/toolchain/arm/arm-gnu-toolchain/bin/../lib/gcc/arm-none-eabi/6.3.1/../../../../arm-none-eabi/lib/thumb/v6-m\libc_nano.a(lib_a-fwalk.o)
                0x00001dcc                _fwalk_reent
 *fill*         0x00001e0e        0x2 
 .text.__swhatbuf_r
                0x00001e10       0x50 d:/program files (x86)/atmel/studio/7.0/toolchain/arm/arm-gnu-toolchain/bin/../lib/gcc/arm-none-eabi/6.3.1/../../../../arm-none-eabi/lib/thumb/v6-m\libc_nano.a(lib_a-makebuf.o)
                0x00001e10                __swhatbuf_r
 .text.__smakebuf_r
                0x00001e60       0x88 d:/program files (x86)/atmel/studio/7.0/toolchain/arm/arm-gnu-toolchain/bin/../lib/gcc/arm-none-eabi/6.3.1/../../../../arm-none-eabi/lib/thumb/v6-m\libc_nano.a(lib_a-makebuf.o)
                0x00001e60                __smakebuf_r
 .text.malloc   0x00001ee8       0x14 d:/program files (x86)/atmel/studio/7.0/toolchain/arm/arm-gnu-toolchain/bin/../lib/gcc/arm-none-eabi/6.3.1/../../../../arm-none-eabi/lib/thumb/v6-m\libc_nano.a(lib_a-malloc.o)
                0x00001ee8                malloc
 .text._free_r  0x00001efc       0x94 d:/program files (x86)/atmel/studio/7.0/toolchain/arm/arm-gnu-toolchain/bin/../lib/gcc/arm-none-eabi/6.3.1/../../../../arm-none-eabi/lib/thumb/v6-m\libc_nano.a(lib_a-nano-freer.o)
                0x00001efc                _free_r
 .text._malloc_r
                0x00001f90       0xbc d:/program files (x86)/atmel/studio/7.0/toolchain/arm/arm-gnu-toolchain/bin/../lib/gcc/arm-none-eabi/6.3.1/../../../../arm-none-eabi/lib/thumb/v6-m\libc_nano.a(lib_a-nano-mallocr.o)
                0x00001f90                _malloc_r
 .text.__sfputc_r
                0x0000204c       0x2a d:/program files (x86)/atmel/studio/7.0/toolchain/arm/arm-gnu-toolchain/bin/../lib/gcc/arm-none-eabi/6.3.1/../../../../arm-none-eabi/lib/thumb/v6-m\libc_nano.a(lib_a-nano-vfprintf.o)
 .text.__sfputs_r
                0x00002076       0x24 d:/program files (x86)/atmel/studio/7.0/toolchain/arm/arm-gnu-toolchain/bin/../lib/gcc/arm-none-eabi/6.3.1/../../../../arm-none-eabi/lib/thumb/v6-m\libc_nano.a(lib_a-nano-vfprintf.o)
                0x00002076                __sfputs_r
 *fill*         0x0000209a        0x2 
 .text._vfprintf_r
                0x0000209c      0x238 d:/program files (x86)/atmel/studio/7.0/toolchain/arm/arm-gnu-toolchain/bin/../lib/gcc/arm-none-eabi/6.3.1/../../../../arm-none-eabi/lib/thumb/v6-m\libc_nano.a(lib_a-nano-vfprintf.o)
                0x0000209c                _vfprintf_r
                0x0000209c                _vfiprintf_r
 .text._printf_common
                0x000022d4       0xda d:/program files (x86)/atmel/studio/7.0/toolchain/arm/arm-gnu-toolchain/bin/../lib/gcc/arm-none-eabi/6.3.1/../../../../arm-none-eabi/lib/thumb/v6-m\libc_nano.a(lib_a-nano-vfprintf_i.o)
                0x000022d4                _printf_common
 *fill*         0x000023ae        0x2 
 .text._printf_i
                0x000023b0      0x234 d:/program files (x86)/atmel/studio/7.0/toolchain/arm/arm-gnu-toolchain/bin/../lib/gcc/arm-none-eabi/6.3.1/../../../../arm-none-eabi/lib/thumb/v6-m\libc_nano.a(lib_a-nano-vfprintf_i.o)
                0x000023b0                _printf_i
 .text._sbrk_r  0x000025e4       0x24 d:/program files (x86)/atmel/studio/7.0/toolchain/arm/arm-gnu-toolchain/bin/../lib/gcc/arm-none-eabi/6.3.1/../../../../arm-none-eabi/lib/thumb/v6-m\libc_nano.a(lib_a-sbrkr.o)
                0x000025e4                _sbrk_r
 .text.__sread  0x00002608       0x28 d:/program files (x86)/atmel/studio/7.0/toolchain/arm/arm-gnu-toolchain/bin/../lib/gcc/arm-none-eabi/6.3.1/../../../../arm-none-eabi/lib/thumb/v6-m\libc_nano.a(lib_a-stdio.o)
                0x00002608                __sread
 .text.__swrite
                0x00002630       0x38 d:/program files (x86)/atmel/studio/7.0/toolchain/arm/arm-gnu-toolchain/bin/../lib/gcc/arm-none-eabi/6.3.1/../../../../arm-none-eabi/lib/thumb/v6-m\libc_nano.a(lib_a-stdio.o)
                0x00002630                __swrite
 .text.__sseek  0x00002668       0x2c d:/program files (x86)/atmel/studio/7.0/toolchain/arm/arm-gnu-toolchain/bin/../lib/gcc/arm-none-eabi/6.3.1/../../../../arm-none-eabi/lib/thumb/v6-m\libc_nano.a(lib_a-stdio.o)
                0x00002668                __sseek
 .text.__sclose
                0x00002694        0xc d:/program files (x86)/atmel/studio/7.0/toolchain/arm/arm-gnu-toolchain/bin/../lib/gcc/arm-none-eabi/6.3.1/../../../../arm-none-eabi/lib/thumb/v6-m\libc_nano.a(lib_a-stdio.o)
                0x00002694                __sclose
 .text._write_r
                0x000026a0       0x28 d:/program files (x86)/atmel/studio/7.0/toolchain/arm/arm-gnu-toolchain/bin/../lib/gcc/arm-none-eabi/6.3.1/../../../../arm-none-eabi/lib/thumb/v6-m\libc_nano.a(lib_a-writer.o)
                0x000026a0                _write_r
 .text._close_r
                0x000026c8       0x24 d:/program files (x86)/atmel/studio/7.0/toolchain/arm/arm-gnu-toolchain/bin/../lib/gcc/arm-none-eabi/6.3.1/../../../../arm-none-eabi/lib/thumb/v6-m\libc_nano.a(lib_a-closer.o)
                0x000026c8                _close_r
 .text._fstat_r
                0x000026ec       0x24 d:/program files (x86)/atmel/studio/7.0/toolchain/arm/arm-gnu-toolchain/bin/../lib/gcc/arm-none-eabi/6.3.1/../../../../arm-none-eabi/lib/thumb/v6-m\libc_nano.a(lib_a-fstatr.o)
                0x000026ec                _fstat_r
 .text._isatty_r
                0x00002710       0x24 d:/program files (x86)/atmel/studio/7.0/toolchain/arm/arm-gnu-toolchain/bin/../lib/gcc/arm-none-eabi/6.3.1/../../../../arm-none-eabi/lib/thumb/v6-m\libc_nano.a(lib_a-isattyr.o)
                0x00002710                _isatty_r
 .text._lseek_r
                0x00002734       0x28 d:/program files (x86)/atmel/studio/7.0/toolchain/arm/arm-gnu-toolchain/bin/../lib/gcc/arm-none-eabi/6.3.1/../../../../arm-none-eabi/lib/thumb/v6-m\libc_nano.a(lib_a-lseekr.o)
                0x00002734                _lseek_r
 .text.memchr   0x0000275c       0x16 d:/program files (x86)/atmel/studio/7.0/toolchain/arm/arm-gnu-toolchain/bin/../lib/gcc/arm-none-eabi/6.3.1/../../../../arm-none-eabi/lib/thumb/v6-m\libc_nano.a(lib_a-memchr-stub.o)
                0x0000275c                memchr
 .text.__malloc_lock
                0x00002772        0x2 d:/program files (x86)/atmel/studio/7.0/toolchain/arm/arm-gnu-toolchain/bin/../lib/gcc/arm-none-eabi/6.3.1/../../../../arm-none-eabi/lib/thumb/v6-m\libc_nano.a(lib_a-mlock.o)
                0x00002772                __malloc_lock
 .text.__malloc_unlock
                0x00002774        0x2 d:/program files (x86)/atmel/studio/7.0/toolchain/arm/arm-gnu-toolchain/bin/../lib/gcc/arm-none-eabi/6.3.1/../../../../arm-none-eabi/lib/thumb/v6-m\libc_nano.a(lib_a-mlock.o)
                0x00002774                __malloc_unlock
 *fill*         0x00002776        0x2 
 .text._read_r  0x00002778       0x28 d:/program files (x86)/atmel/studio/7.0/toolchain/arm/arm-gnu-toolchain/bin/../lib/gcc/arm-none-eabi/6.3.1/../../../../arm-none-eabi/lib/thumb/v6-m\libc_nano.a(lib_a-readr.o)
                0x00002778                _read_r
 *(.glue_7t)
 .glue_7t       0x000027a0        0x0 linker stubs
 *(.glue_7)
 .glue_7        0x000027a0        0x0 linker stubs
 *(.rodata .rodata* .gnu.linkonce.r.*)
 .rodata.nvm_execute_command
                0x000027a0      0x118 src/ASF/sam0/drivers/nvm/nvm.o
 .rodata        0x000028b8       0x10 src/ASF/sam0/drivers/sercom/sercom.o
 .rodata.system_clock_source_get_hz
                0x000028c8       0x24 src/ASF/sam0/drivers/system/clock/clock_samd21_r21_da_ha1/clock.o
 .rodata.system_clock_source_enable
                0x000028ec       0x24 src/ASF/sam0/drivers/system/clock/clock_samd21_r21_da_ha1/clock.o
 .rodata.main.str1.4
                0x00002910       0xae src/main.o
 *fill*         0x000029be        0x2 
 .rodata.write_to_flash.str1.4
                0x000029c0       0x6c src/main.o
 .rodata._global_impure_ptr
                0x00002a2c        0x4 d:/program files (x86)/atmel/studio/7.0/toolchain/arm/arm-gnu-toolchain/bin/../lib/gcc/arm-none-eabi/6.3.1/../../../../arm-none-eabi/lib/thumb/v6-m\libc_nano.a(lib_a-impure.o)
                0x00002a2c                _global_impure_ptr
 .rodata.__sf_fake_stderr
                0x00002a30       0x20 d:/program files (x86)/atmel/studio/7.0/toolchain/arm/arm-gnu-toolchain/bin/../lib/gcc/arm-none-eabi/6.3.1/../../../../arm-none-eabi/lib/thumb/v6-m\libc_nano.a(lib_a-findfp.o)
                0x00002a30                __sf_fake_stderr
 .rodata.__sf_fake_stdin
                0x00002a50       0x20 d:/program files (x86)/atmel/studio/7.0/toolchain/arm/arm-gnu-toolchain/bin/../lib/gcc/arm-none-eabi/6.3.1/../../../../arm-none-eabi/lib/thumb/v6-m\libc_nano.a(lib_a-findfp.o)
                0x00002a50                __sf_fake_stdin
 .rodata.__sf_fake_stdout
                0x00002a70       0x20 d:/program files (x86)/atmel/studio/7.0/toolchain/arm/arm-gnu-toolchain/bin/../lib/gcc/arm-none-eabi/6.3.1/../../../../arm-none-eabi/lib/thumb/v6-m\libc_nano.a(lib_a-findfp.o)
                0x00002a70                __sf_fake_stdout
 .rodata._vfprintf_r.str1.1
                0x00002a90       0x11 d:/program files (x86)/atmel/studio/7.0/toolchain/arm/arm-gnu-toolchain/bin/../lib/gcc/arm-none-eabi/6.3.1/../../../../arm-none-eabi/lib/thumb/v6-m\libc_nano.a(lib_a-nano-vfprintf.o)
 .rodata._printf_i.str1.1
                0x00002aa1       0x22 d:/program files (x86)/atmel/studio/7.0/toolchain/arm/arm-gnu-toolchain/bin/../lib/gcc/arm-none-eabi/6.3.1/../../../../arm-none-eabi/lib/thumb/v6-m\libc_nano.a(lib_a-nano-vfprintf_i.o)
 *(.ARM.extab* .gnu.linkonce.armextab.*)
                0x00002ac4                . = ALIGN (0x4)
 *fill*         0x00002ac3        0x1 
 *(.init)
 .init          0x00002ac4        0x4 d:/program files (x86)/atmel/studio/7.0/toolchain/arm/arm-gnu-toolchain/bin/../lib/gcc/arm-none-eabi/6.3.1/thumb/v6-m/crti.o
                0x00002ac4                _init
 .init          0x00002ac8        0x8 d:/program files (x86)/atmel/studio/7.0/toolchain/arm/arm-gnu-toolchain/bin/../lib/gcc/arm-none-eabi/6.3.1/thumb/v6-m/crtn.o
                0x00002ad0                . = ALIGN (0x4)
                0x00002ad0                __preinit_array_start = .
 *(.preinit_array)
                0x00002ad0                __preinit_array_end = .
                0x00002ad0                . = ALIGN (0x4)
                0x00002ad0                __init_array_start = .
 *(SORT(.init_array.*))
 *(.init_array)
 .init_array    0x00002ad0        0x4 d:/program files (x86)/atmel/studio/7.0/toolchain/arm/arm-gnu-toolchain/bin/../lib/gcc/arm-none-eabi/6.3.1/thumb/v6-m/crtbegin.o
                0x00002ad4                __init_array_end = .
                0x00002ad4                . = ALIGN (0x4)
 *crtbegin.o(.ctors)
 *(EXCLUDE_FILE(*crtend.o) .ctors)
 *(SORT(.ctors.*))
 *crtend.o(.ctors)
                0x00002ad4                . = ALIGN (0x4)
 *(.fini)
 .fini          0x00002ad4        0x4 d:/program files (x86)/atmel/studio/7.0/toolchain/arm/arm-gnu-toolchain/bin/../lib/gcc/arm-none-eabi/6.3.1/thumb/v6-m/crti.o
                0x00002ad4                _fini
 .fini          0x00002ad8        0x8 d:/program files (x86)/atmel/studio/7.0/toolchain/arm/arm-gnu-toolchain/bin/../lib/gcc/arm-none-eabi/6.3.1/thumb/v6-m/crtn.o
                0x00002ae0                . = ALIGN (0x4)
                0x00002ae0                __fini_array_start = .
 *(.fini_array)
 .fini_array    0x00002ae0        0x4 d:/program files (x86)/atmel/studio/7.0/toolchain/arm/arm-gnu-toolchain/bin/../lib/gcc/arm-none-eabi/6.3.1/thumb/v6-m/crtbegin.o
 *(SORT(.fini_array.*))
                0x00002ae4                __fini_array_end = .
 *crtbegin.o(.dtors)
 *(EXCLUDE_FILE(*crtend.o) .dtors)
 *(SORT(.dtors.*))
 *crtend.o(.dtors)
                0x00002ae4                . = ALIGN (0x4)
                0x00002ae4                _efixed = .
                [!provide]                PROVIDE (__exidx_start, .)

.vfp11_veneer   0x00002ae4        0x0
 .vfp11_veneer  0x00002ae4        0x0 linker stubs

.v4_bx          0x00002ae4        0x0
 .v4_bx         0x00002ae4        0x0 linker stubs

.iplt           0x00002ae4        0x0
 .iplt          0x00002ae4        0x0 d:/program files (x86)/atmel/studio/7.0/toolchain/arm/arm-gnu-toolchain/bin/../lib/gcc/arm-none-eabi/6.3.1/thumb/v6-m/crtbegin.o

.eh_frame       0x00002ae4        0x0
 .eh_frame      0x00002ae4        0x0 d:/program files (x86)/atmel/studio/7.0/toolchain/arm/arm-gnu-toolchain/bin/../lib/gcc/arm-none-eabi/6.3.1/thumb/v6-m/crtbegin.o

.rel.dyn        0x00002ae4        0x0
 .rel.iplt      0x00002ae4        0x0 d:/program files (x86)/atmel/studio/7.0/toolchain/arm/arm-gnu-toolchain/bin/../lib/gcc/arm-none-eabi/6.3.1/thumb/v6-m/crtbegin.o

.jcr            0x00002ae4        0x0
 .jcr           0x00002ae4        0x0 d:/program files (x86)/atmel/studio/7.0/toolchain/arm/arm-gnu-toolchain/bin/../lib/gcc/arm-none-eabi/6.3.1/thumb/v6-m/crtbegin.o

.igot.plt       0x00002ae4        0x0
 .igot.plt      0x00002ae4        0x0 d:/program files (x86)/atmel/studio/7.0/toolchain/arm/arm-gnu-toolchain/bin/../lib/gcc/arm-none-eabi/6.3.1/thumb/v6-m/crtbegin.o

.ARM.exidx
 *(.ARM.exidx* .gnu.linkonce.armexidx.*)
                [!provide]                PROVIDE (__exidx_end, .)
                0x00002ae4                . = ALIGN (0x4)
                0x00002ae4                _etext = .

.relocate       0x20000000       0x68 load address 0x00002ae4
                0x20000000                . = ALIGN (0x4)
                0x20000000                _srelocate = .
 *(.ramfunc .ramfunc.*)
 *(.data .data.*)
 .data.g_interrupt_enabled
                0x20000000        0x1 src/ASF/common/utils/interrupt/interrupt_sam_nvic.o
                0x20000000                g_interrupt_enabled
 *fill*         0x20000001        0x3 
 .data._impure_ptr
                0x20000004        0x4 d:/program files (x86)/atmel/studio/7.0/toolchain/arm/arm-gnu-toolchain/bin/../lib/gcc/arm-none-eabi/6.3.1/../../../../arm-none-eabi/lib/thumb/v6-m\libc_nano.a(lib_a-impure.o)
                0x20000004                _impure_ptr
 .data.impure_data
                0x20000008       0x60 d:/program files (x86)/atmel/studio/7.0/toolchain/arm/arm-gnu-toolchain/bin/../lib/gcc/arm-none-eabi/6.3.1/../../../../arm-none-eabi/lib/thumb/v6-m\libc_nano.a(lib_a-impure.o)
                0x20000068                . = ALIGN (0x4)
                0x20000068                _erelocate = .

.bss            0x20000068       0x70 load address 0x00002b4c
                0x20000068                . = ALIGN (0x4)
                0x20000068                _sbss = .
                0x20000068                _szero = .
 *(.bss .bss.*)
 .bss           0x20000068       0x1c d:/program files (x86)/atmel/studio/7.0/toolchain/arm/arm-gnu-toolchain/bin/../lib/gcc/arm-none-eabi/6.3.1/thumb/v6-m/crtbegin.o
 .bss._nvm_dev  0x20000084        0x6 src/ASF/sam0/drivers/nvm/nvm.o
 *fill*         0x2000008a        0x2 
 .bss._sercom_config
                0x2000008c        0x2 src/ASF/sam0/drivers/sercom/sercom.o
 *fill*         0x2000008e        0x2 
 .bss.cpu_irq_critical_section_counter
                0x20000090        0x4 src/ASF/common/utils/interrupt/interrupt_sam_nvic.o
 .bss.cpu_irq_prev_interrupt_state
                0x20000094        0x1 src/ASF/common/utils/interrupt/interrupt_sam_nvic.o
 *fill*         0x20000095        0x3 
 .bss._system_clock_inst
                0x20000098       0x18 src/ASF/sam0/drivers/system/clock/clock_samd21_r21_da_ha1/clock.o
 .bss.heap.5296
                0x200000b0        0x4 src/ASF/sam0/utils/syscalls/gcc/syscalls.o
 .bss.__malloc_free_list
                0x200000b4        0x4 d:/program files (x86)/atmel/studio/7.0/toolchain/arm/arm-gnu-toolchain/bin/../lib/gcc/arm-none-eabi/6.3.1/../../../../arm-none-eabi/lib/thumb/v6-m\libc_nano.a(lib_a-nano-mallocr.o)
                0x200000b4                __malloc_free_list
 .bss.__malloc_sbrk_start
                0x200000b8        0x4 d:/program files (x86)/atmel/studio/7.0/toolchain/arm/arm-gnu-toolchain/bin/../lib/gcc/arm-none-eabi/6.3.1/../../../../arm-none-eabi/lib/thumb/v6-m\libc_nano.a(lib_a-nano-mallocr.o)
                0x200000b8                __malloc_sbrk_start
 *(COMMON)
 COMMON         0x200000bc        0x4 src/ASF/sam0/utils/stdio/read.o
                0x200000bc                ptr_get
 COMMON         0x200000c0        0x8 src/ASF/sam0/utils/stdio/write.o
                0x200000c0                ptr_put
                0x200000c4                stdio_base
 COMMON         0x200000c8        0xc src/misc.o
                0x200000c8                cdc_uart_module
 COMMON         0x200000d4        0x4 d:/program files (x86)/atmel/studio/7.0/toolchain/arm/arm-gnu-toolchain/bin/../lib/gcc/arm-none-eabi/6.3.1/../../../../arm-none-eabi/lib/thumb/v6-m\libc_nano.a(lib_a-reent.o)
                0x200000d4                errno
                0x200000d8                . = ALIGN (0x4)
                0x200000d8                _ebss = .
                0x200000d8                _ezero = .

.stack          0x200000d8     0x1000 load address 0x00002bbc
                0x200000d8                . = ALIGN (0x8)
                0x200000d8                _sstack = .
                0x200010d8                . = (. + STACK_SIZE)
 *fill*         0x200000d8     0x1000 
                0x200010d8                . = ALIGN (0x8)
                0x200010d8                _estack = .
                0x200010d8                . = ALIGN (0x4)
                0x200010d8                _end = .
OUTPUT(GccBoardProject1.elf elf32-littlearm)

.ARM.attributes
                0x00000000       0x28
 .ARM.attributes
                0x00000000       0x1e d:/program files (x86)/atmel/studio/7.0/toolchain/arm/arm-gnu-toolchain/bin/../lib/gcc/arm-none-eabi/6.3.1/thumb/v6-m/crti.o
 .ARM.attributes
                0x0000001e       0x2c d:/program files (x86)/atmel/studio/7.0/toolchain/arm/arm-gnu-toolchain/bin/../lib/gcc/arm-none-eabi/6.3.1/thumb/v6-m/crtbegin.o
 .ARM.attributes
                0x0000004a       0x32 src/ASF/sam0/drivers/nvm/nvm.o
 .ARM.attributes
                0x0000007c       0x32 src/ASF/sam0/drivers/sercom/sercom.o
 .ARM.attributes
                0x000000ae       0x32 src/ASF/sam0/utils/stdio/read.o
 .ARM.attributes
                0x000000e0       0x32 src/ASF/sam0/utils/stdio/write.o
 .ARM.attributes
                0x00000112       0x32 src/misc.o
 .ARM.attributes
                0x00000144       0x32 src/ASF/sam0/drivers/sercom/usart/usart.o
 .ARM.attributes
                0x00000176       0x32 src/ASF/common2/boards/user_board/init.o
 .ARM.attributes
                0x000001a8       0x32 src/ASF/common/utils/interrupt/interrupt_sam_nvic.o
 .ARM.attributes
                0x000001da       0x32 src/ASF/sam0/drivers/system/clock/clock_samd21_r21_da_ha1/clock.o
 .ARM.attributes
                0x0000020c       0x32 src/ASF/sam0/drivers/system/clock/clock_samd21_r21_da_ha1/gclk.o
 .ARM.attributes
                0x0000023e       0x32 src/ASF/sam0/drivers/system/pinmux/pinmux.o
 .ARM.attributes
                0x00000270       0x32 src/ASF/sam0/drivers/system/system.o
 .ARM.attributes
                0x000002a2       0x32 src/ASF/sam0/utils/cmsis/samd21/source/gcc/startup_samd21.o
 .ARM.attributes
                0x000002d4       0x32 src/ASF/sam0/utils/syscalls/gcc/syscalls.o
 .ARM.attributes
                0x00000306       0x32 src/main.o
 .ARM.attributes
                0x00000338       0x1e d:/program files (x86)/atmel/studio/7.0/toolchain/arm/arm-gnu-toolchain/bin/../lib/gcc/arm-none-eabi/6.3.1/thumb/v6-m\libgcc.a(_udivsi3.o)
 .ARM.attributes
                0x00000356       0x1e d:/program files (x86)/atmel/studio/7.0/toolchain/arm/arm-gnu-toolchain/bin/../lib/gcc/arm-none-eabi/6.3.1/thumb/v6-m\libgcc.a(_dvmd_tls.o)
 .ARM.attributes
                0x00000374       0x2c d:/program files (x86)/atmel/studio/7.0/toolchain/arm/arm-gnu-toolchain/bin/../lib/gcc/arm-none-eabi/6.3.1/thumb/v6-m\libgcc.a(_muldi3.o)
 .ARM.attributes
                0x000003a0       0x2c d:/program files (x86)/atmel/studio/7.0/toolchain/arm/arm-gnu-toolchain/bin/../lib/gcc/arm-none-eabi/6.3.1/../../../../arm-none-eabi/lib/thumb/v6-m\libc_nano.a(lib_a-impure.o)
 .ARM.attributes
                0x000003cc       0x2c d:/program files (x86)/atmel/studio/7.0/toolchain/arm/arm-gnu-toolchain/bin/../lib/gcc/arm-none-eabi/6.3.1/../../../../arm-none-eabi/lib/thumb/v6-m\libc_nano.a(lib_a-init.o)
 .ARM.attributes
                0x000003f8       0x2c d:/program files (x86)/atmel/studio/7.0/toolchain/arm/arm-gnu-toolchain/bin/../lib/gcc/arm-none-eabi/6.3.1/../../../../arm-none-eabi/lib/thumb/v6-m\libc_nano.a(lib_a-memset.o)
 .ARM.attributes
                0x00000424       0x2c d:/program files (x86)/atmel/studio/7.0/toolchain/arm/arm-gnu-toolchain/bin/../lib/gcc/arm-none-eabi/6.3.1/../../../../arm-none-eabi/lib/thumb/v6-m\libc_nano.a(lib_a-printf.o)
 .ARM.attributes
                0x00000450       0x2c d:/program files (x86)/atmel/studio/7.0/toolchain/arm/arm-gnu-toolchain/bin/../lib/gcc/arm-none-eabi/6.3.1/../../../../arm-none-eabi/lib/thumb/v6-m\libc_nano.a(lib_a-puts.o)
 .ARM.attributes
                0x0000047c       0x2c d:/program files (x86)/atmel/studio/7.0/toolchain/arm/arm-gnu-toolchain/bin/../lib/gcc/arm-none-eabi/6.3.1/../../../../arm-none-eabi/lib/thumb/v6-m\libc_nano.a(lib_a-setbuf.o)
 .ARM.attributes
                0x000004a8       0x2c d:/program files (x86)/atmel/studio/7.0/toolchain/arm/arm-gnu-toolchain/bin/../lib/gcc/arm-none-eabi/6.3.1/../../../../arm-none-eabi/lib/thumb/v6-m\libc_nano.a(lib_a-setvbuf.o)
 .ARM.attributes
                0x000004d4       0x2c d:/program files (x86)/atmel/studio/7.0/toolchain/arm/arm-gnu-toolchain/bin/../lib/gcc/arm-none-eabi/6.3.1/../../../../arm-none-eabi/lib/thumb/v6-m\libc_nano.a(lib_a-wbuf.o)
 .ARM.attributes
                0x00000500       0x2c d:/program files (x86)/atmel/studio/7.0/toolchain/arm/arm-gnu-toolchain/bin/../lib/gcc/arm-none-eabi/6.3.1/../../../../arm-none-eabi/lib/thumb/v6-m\libc_nano.a(lib_a-wsetup.o)
 .ARM.attributes
                0x0000052c       0x2c d:/program files (x86)/atmel/studio/7.0/toolchain/arm/arm-gnu-toolchain/bin/../lib/gcc/arm-none-eabi/6.3.1/../../../../arm-none-eabi/lib/thumb/v6-m\libc_nano.a(lib_a-fflush.o)
 .ARM.attributes
                0x00000558       0x2c d:/program files (x86)/atmel/studio/7.0/toolchain/arm/arm-gnu-toolchain/bin/../lib/gcc/arm-none-eabi/6.3.1/../../../../arm-none-eabi/lib/thumb/v6-m\libc_nano.a(lib_a-findfp.o)
 .ARM.attributes
                0x00000584       0x2c d:/program files (x86)/atmel/studio/7.0/toolchain/arm/arm-gnu-toolchain/bin/../lib/gcc/arm-none-eabi/6.3.1/../../../../arm-none-eabi/lib/thumb/v6-m\libc_nano.a(lib_a-fwalk.o)
 .ARM.attributes
                0x000005b0       0x2c d:/program files (x86)/atmel/studio/7.0/toolchain/arm/arm-gnu-toolchain/bin/../lib/gcc/arm-none-eabi/6.3.1/../../../../arm-none-eabi/lib/thumb/v6-m\libc_nano.a(lib_a-makebuf.o)
 .ARM.attributes
                0x000005dc       0x2c d:/program files (x86)/atmel/studio/7.0/toolchain/arm/arm-gnu-toolchain/bin/../lib/gcc/arm-none-eabi/6.3.1/../../../../arm-none-eabi/lib/thumb/v6-m\libc_nano.a(lib_a-malloc.o)
 .ARM.attributes
                0x00000608       0x2c d:/program files (x86)/atmel/studio/7.0/toolchain/arm/arm-gnu-toolchain/bin/../lib/gcc/arm-none-eabi/6.3.1/../../../../arm-none-eabi/lib/thumb/v6-m\libc_nano.a(lib_a-nano-freer.o)
 .ARM.attributes
                0x00000634       0x2c d:/program files (x86)/atmel/studio/7.0/toolchain/arm/arm-gnu-toolchain/bin/../lib/gcc/arm-none-eabi/6.3.1/../../../../arm-none-eabi/lib/thumb/v6-m\libc_nano.a(lib_a-nano-mallocr.o)
 .ARM.attributes
                0x00000660       0x2c d:/program files (x86)/atmel/studio/7.0/toolchain/arm/arm-gnu-toolchain/bin/../lib/gcc/arm-none-eabi/6.3.1/../../../../arm-none-eabi/lib/thumb/v6-m\libc_nano.a(lib_a-nano-vfprintf.o)
 .ARM.attributes
                0x0000068c       0x2c d:/program files (x86)/atmel/studio/7.0/toolchain/arm/arm-gnu-toolchain/bin/../lib/gcc/arm-none-eabi/6.3.1/../../../../arm-none-eabi/lib/thumb/v6-m\libc_nano.a(lib_a-nano-vfprintf_i.o)
 .ARM.attributes
                0x000006b8       0x2c d:/program files (x86)/atmel/studio/7.0/toolchain/arm/arm-gnu-toolchain/bin/../lib/gcc/arm-none-eabi/6.3.1/../../../../arm-none-eabi/lib/thumb/v6-m\libc_nano.a(lib_a-sbrkr.o)
 .ARM.attributes
                0x000006e4       0x2c d:/program files (x86)/atmel/studio/7.0/toolchain/arm/arm-gnu-toolchain/bin/../lib/gcc/arm-none-eabi/6.3.1/../../../../arm-none-eabi/lib/thumb/v6-m\libc_nano.a(lib_a-stdio.o)
 .ARM.attributes
                0x00000710       0x2c d:/program files (x86)/atmel/studio/7.0/toolchain/arm/arm-gnu-toolchain/bin/../lib/gcc/arm-none-eabi/6.3.1/../../../../arm-none-eabi/lib/thumb/v6-m\libc_nano.a(lib_a-writer.o)
 .ARM.attributes
                0x0000073c       0x2c d:/program files (x86)/atmel/studio/7.0/toolchain/arm/arm-gnu-toolchain/bin/../lib/gcc/arm-none-eabi/6.3.1/../../../../arm-none-eabi/lib/thumb/v6-m\libc_nano.a(lib_a-closer.o)
 .ARM.attributes
                0x00000768       0x2c d:/program files (x86)/atmel/studio/7.0/toolchain/arm/arm-gnu-toolchain/bin/../lib/gcc/arm-none-eabi/6.3.1/../../../../arm-none-eabi/lib/thumb/v6-m\libc_nano.a(lib_a-fstatr.o)
 .ARM.attributes
                0x00000794       0x2c d:/program files (x86)/atmel/studio/7.0/toolchain/arm/arm-gnu-toolchain/bin/../lib/gcc/arm-none-eabi/6.3.1/../../../../arm-none-eabi/lib/thumb/v6-m\libc_nano.a(lib_a-isattyr.o)
 .ARM.attributes
                0x000007c0       0x2c d:/program files (x86)/atmel/studio/7.0/toolchain/arm/arm-gnu-toolchain/bin/../lib/gcc/arm-none-eabi/6.3.1/../../../../arm-none-eabi/lib/thumb/v6-m\libc_nano.a(lib_a-lseekr.o)
 .ARM.attributes
                0x000007ec       0x2c d:/program files (x86)/atmel/studio/7.0/toolchain/arm/arm-gnu-toolchain/bin/../lib/gcc/arm-none-eabi/6.3.1/../../../../arm-none-eabi/lib/thumb/v6-m\libc_nano.a(lib_a-memchr-stub.o)
 .ARM.attributes
                0x00000818       0x2c d:/program files (x86)/atmel/studio/7.0/toolchain/arm/arm-gnu-toolchain/bin/../lib/gcc/arm-none-eabi/6.3.1/../../../../arm-none-eabi/lib/thumb/v6-m\libc_nano.a(lib_a-mlock.o)
 .ARM.attributes
                0x00000844       0x2c d:/program files (x86)/atmel/studio/7.0/toolchain/arm/arm-gnu-toolchain/bin/../lib/gcc/arm-none-eabi/6.3.1/../../../../arm-none-eabi/lib/thumb/v6-m\libc_nano.a(lib_a-readr.o)
 .ARM.attributes
                0x00000870       0x2c d:/program files (x86)/atmel/studio/7.0/toolchain/arm/arm-gnu-toolchain/bin/../lib/gcc/arm-none-eabi/6.3.1/../../../../arm-none-eabi/lib/thumb/v6-m\libc_nano.a(lib_a-reent.o)
 .ARM.attributes
                0x0000089c       0x1e d:/program files (x86)/atmel/studio/7.0/toolchain/arm/arm-gnu-toolchain/bin/../lib/gcc/arm-none-eabi/6.3.1/thumb/v6-m/crtn.o

.comment        0x00000000       0x59
 .comment       0x00000000       0x59 src/ASF/sam0/drivers/nvm/nvm.o
                                 0x5a (size before relaxing)
 .comment       0x00000059       0x5a src/ASF/sam0/drivers/sercom/sercom.o
 .comment       0x00000059       0x5a src/ASF/sam0/utils/stdio/read.o
 .comment       0x00000059       0x5a src/ASF/sam0/utils/stdio/write.o
 .comment       0x00000059       0x5a src/misc.o
 .comment       0x00000059       0x5a src/ASF/sam0/drivers/sercom/usart/usart.o
 .comment       0x00000059       0x5a src/ASF/common2/boards/user_board/init.o
 .comment       0x00000059       0x5a src/ASF/common/utils/interrupt/interrupt_sam_nvic.o
 .comment       0x00000059       0x5a src/ASF/sam0/drivers/system/clock/clock_samd21_r21_da_ha1/clock.o
 .comment       0x00000059       0x5a src/ASF/sam0/drivers/system/clock/clock_samd21_r21_da_ha1/gclk.o
 .comment       0x00000059       0x5a src/ASF/sam0/drivers/system/pinmux/pinmux.o
 .comment       0x00000059       0x5a src/ASF/sam0/drivers/system/system.o
 .comment       0x00000059       0x5a src/ASF/sam0/utils/cmsis/samd21/source/gcc/startup_samd21.o
 .comment       0x00000059       0x5a src/ASF/sam0/utils/syscalls/gcc/syscalls.o
 .comment       0x00000059       0x5a src/main.o

.debug_info     0x00000000    0x1f261
 .debug_info    0x00000000     0x2622 src/ASF/sam0/drivers/nvm/nvm.o
 .debug_info    0x00002622     0x2dcc src/ASF/sam0/drivers/sercom/sercom.o
 .debug_info    0x000053ee      0xacf src/ASF/sam0/utils/stdio/read.o
 .debug_info    0x00005ebd      0xacc src/ASF/sam0/utils/stdio/write.o
 .debug_info    0x00006989     0x3161 src/misc.o
 .debug_info    0x00009aea     0x4947 src/ASF/sam0/drivers/sercom/usart/usart.o
 .debug_info    0x0000e431      0xaa4 src/ASF/common2/boards/user_board/init.o
 .debug_info    0x0000eed5      0xb07 src/ASF/common/utils/interrupt/interrupt_sam_nvic.o
 .debug_info    0x0000f9dc     0x37bf src/ASF/sam0/drivers/system/clock/clock_samd21_r21_da_ha1/clock.o
 .debug_info    0x0001319b     0x1ed1 src/ASF/sam0/drivers/system/clock/clock_samd21_r21_da_ha1/gclk.o
 .debug_info    0x0001506c     0x13f5 src/ASF/sam0/drivers/system/pinmux/pinmux.o
 .debug_info    0x00016461      0xa73 src/ASF/sam0/drivers/system/system.o
 .debug_info    0x00016ed4     0x3a49 src/ASF/sam0/utils/cmsis/samd21/source/gcc/startup_samd21.o
 .debug_info    0x0001a91d      0xd98 src/ASF/sam0/utils/syscalls/gcc/syscalls.o
 .debug_info    0x0001b6b5     0x3bac src/main.o

.debug_abbrev   0x00000000     0x2e54
 .debug_abbrev  0x00000000      0x491 src/ASF/sam0/drivers/nvm/nvm.o
 .debug_abbrev  0x00000491      0x378 src/ASF/sam0/drivers/sercom/sercom.o
 .debug_abbrev  0x00000809      0x218 src/ASF/sam0/utils/stdio/read.o
 .debug_abbrev  0x00000a21      0x203 src/ASF/sam0/utils/stdio/write.o
 .debug_abbrev  0x00000c24      0x3c8 src/misc.o
 .debug_abbrev  0x00000fec      0x46c src/ASF/sam0/drivers/sercom/usart/usart.o
 .debug_abbrev  0x00001458      0x1c3 src/ASF/common2/boards/user_board/init.o
 .debug_abbrev  0x0000161b      0x22c src/ASF/common/utils/interrupt/interrupt_sam_nvic.o
 .debug_abbrev  0x00001847      0x465 src/ASF/sam0/drivers/system/clock/clock_samd21_r21_da_ha1/clock.o
 .debug_abbrev  0x00001cac      0x3f1 src/ASF/sam0/drivers/system/clock/clock_samd21_r21_da_ha1/gclk.o
 .debug_abbrev  0x0000209d      0x37b src/ASF/sam0/drivers/system/pinmux/pinmux.o
 .debug_abbrev  0x00002418      0x1e1 src/ASF/sam0/drivers/system/system.o
 .debug_abbrev  0x000025f9      0x234 src/ASF/sam0/utils/cmsis/samd21/source/gcc/startup_samd21.o
 .debug_abbrev  0x0000282d      0x257 src/ASF/sam0/utils/syscalls/gcc/syscalls.o
 .debug_abbrev  0x00002a84      0x3d0 src/main.o

.debug_loc      0x00000000     0x474f
 .debug_loc     0x00000000     0x10c4 src/ASF/sam0/drivers/nvm/nvm.o
 .debug_loc     0x000010c4      0x93e src/ASF/sam0/drivers/sercom/sercom.o
 .debug_loc     0x00001a02       0xca src/ASF/sam0/utils/stdio/read.o
 .debug_loc     0x00001acc      0x130 src/ASF/sam0/utils/stdio/write.o
 .debug_loc     0x00001bfc      0x1ff src/misc.o
 .debug_loc     0x00001dfb      0xdd9 src/ASF/sam0/drivers/sercom/usart/usart.o
 .debug_loc     0x00002bd4      0xef6 src/ASF/sam0/drivers/system/clock/clock_samd21_r21_da_ha1/clock.o
 .debug_loc     0x00003aca      0x504 src/ASF/sam0/drivers/system/clock/clock_samd21_r21_da_ha1/gclk.o
 .debug_loc     0x00003fce      0x36d src/ASF/sam0/drivers/system/pinmux/pinmux.o
 .debug_loc     0x0000433b       0x20 src/ASF/sam0/drivers/system/system.o
 .debug_loc     0x0000435b       0x40 src/ASF/sam0/utils/cmsis/samd21/source/gcc/startup_samd21.o
 .debug_loc     0x0000439b       0xef src/ASF/sam0/utils/syscalls/gcc/syscalls.o
 .debug_loc     0x0000448a      0x2c5 src/main.o

.debug_aranges  0x00000000      0x3c8
 .debug_aranges
                0x00000000       0x68 src/ASF/sam0/drivers/nvm/nvm.o
 .debug_aranges
                0x00000068       0x48 src/ASF/sam0/drivers/sercom/sercom.o
 .debug_aranges
                0x000000b0       0x20 src/ASF/sam0/utils/stdio/read.o
 .debug_aranges
                0x000000d0       0x20 src/ASF/sam0/utils/stdio/write.o
 .debug_aranges
                0x000000f0       0x30 src/misc.o
 .debug_aranges
                0x00000120       0x40 src/ASF/sam0/drivers/sercom/usart/usart.o
 .debug_aranges
                0x00000160       0x20 src/ASF/common2/boards/user_board/init.o
 .debug_aranges
                0x00000180       0x28 src/ASF/common/utils/interrupt/interrupt_sam_nvic.o
 .debug_aranges
                0x000001a8       0x78 src/ASF/sam0/drivers/system/clock/clock_samd21_r21_da_ha1/clock.o
 .debug_aranges
                0x00000220       0x80 src/ASF/sam0/drivers/system/clock/clock_samd21_r21_da_ha1/gclk.o
 .debug_aranges
                0x000002a0       0x40 src/ASF/sam0/drivers/system/pinmux/pinmux.o
 .debug_aranges
                0x000002e0       0x28 src/ASF/sam0/drivers/system/system.o
 .debug_aranges
                0x00000308       0x28 src/ASF/sam0/utils/cmsis/samd21/source/gcc/startup_samd21.o
 .debug_aranges
                0x00000330       0x60 src/ASF/sam0/utils/syscalls/gcc/syscalls.o
 .debug_aranges
                0x00000390       0x38 src/main.o

.debug_ranges   0x00000000      0x4e8
 .debug_ranges  0x00000000      0x118 src/ASF/sam0/drivers/nvm/nvm.o
 .debug_ranges  0x00000118       0x58 src/ASF/sam0/drivers/sercom/sercom.o
 .debug_ranges  0x00000170       0x10 src/ASF/sam0/utils/stdio/read.o
 .debug_ranges  0x00000180       0x10 src/ASF/sam0/utils/stdio/write.o
 .debug_ranges  0x00000190       0x20 src/misc.o
 .debug_ranges  0x000001b0      0x148 src/ASF/sam0/drivers/sercom/usart/usart.o
 .debug_ranges  0x000002f8       0x10 src/ASF/common2/boards/user_board/init.o
 .debug_ranges  0x00000308       0x18 src/ASF/common/utils/interrupt/interrupt_sam_nvic.o
 .debug_ranges  0x00000320       0x68 src/ASF/sam0/drivers/system/clock/clock_samd21_r21_da_ha1/clock.o
 .debug_ranges  0x00000388       0x88 src/ASF/sam0/drivers/system/clock/clock_samd21_r21_da_ha1/gclk.o
 .debug_ranges  0x00000410       0x30 src/ASF/sam0/drivers/system/pinmux/pinmux.o
 .debug_ranges  0x00000440       0x18 src/ASF/sam0/drivers/system/system.o
 .debug_ranges  0x00000458       0x18 src/ASF/sam0/utils/cmsis/samd21/source/gcc/startup_samd21.o
 .debug_ranges  0x00000470       0x50 src/ASF/sam0/utils/syscalls/gcc/syscalls.o
 .debug_ranges  0x000004c0       0x28 src/main.o

.debug_macro    0x00000000    0x18134
 .debug_macro   0x00000000      0x585 src/ASF/sam0/drivers/nvm/nvm.o
 .debug_macro   0x00000585      0x8b0 src/ASF/sam0/drivers/nvm/nvm.o
 .debug_macro   0x00000e35      0x16d src/ASF/sam0/drivers/nvm/nvm.o
 .debug_macro   0x00000fa2      0x64b src/ASF/sam0/drivers/nvm/nvm.o
 .debug_macro   0x000015ed       0x22 src/ASF/sam0/drivers/nvm/nvm.o
 .debug_macro   0x0000160f       0x87 src/ASF/sam0/drivers/nvm/nvm.o
 .debug_macro   0x00001696       0x51 src/ASF/sam0/drivers/nvm/nvm.o
 .debug_macro   0x000016e7       0xef src/ASF/sam0/drivers/nvm/nvm.o
 .debug_macro   0x000017d6       0x6a src/ASF/sam0/drivers/nvm/nvm.o
 .debug_macro   0x00001840      0x1df src/ASF/sam0/drivers/nvm/nvm.o
 .debug_macro   0x00001a1f       0x10 src/ASF/sam0/drivers/nvm/nvm.o
 .debug_macro   0x00001a2f       0x76 src/ASF/sam0/drivers/nvm/nvm.o
 .debug_macro   0x00001aa5       0x16 src/ASF/sam0/drivers/nvm/nvm.o
 .debug_macro   0x00001abb      0x6e5 src/ASF/sam0/drivers/nvm/nvm.o
 .debug_macro   0x000021a0      0xde2 src/ASF/sam0/drivers/nvm/nvm.o
 .debug_macro   0x00002f82       0x22 src/ASF/sam0/drivers/nvm/nvm.o
 .debug_macro   0x00002fa4       0x40 src/ASF/sam0/drivers/nvm/nvm.o
 .debug_macro   0x00002fe4       0x3a src/ASF/sam0/drivers/nvm/nvm.o
 .debug_macro   0x0000301e       0x1f src/ASF/sam0/drivers/nvm/nvm.o
 .debug_macro   0x0000303d      0x250 src/ASF/sam0/drivers/nvm/nvm.o
 .debug_macro   0x0000328d      0x682 src/ASF/sam0/drivers/nvm/nvm.o
 .debug_macro   0x0000390f      0x8bf src/ASF/sam0/drivers/nvm/nvm.o
 .debug_macro   0x000041ce      0x235 src/ASF/sam0/drivers/nvm/nvm.o
 .debug_macro   0x00004403      0xd6a src/ASF/sam0/drivers/nvm/nvm.o
 .debug_macro   0x0000516d      0x4ce src/ASF/sam0/drivers/nvm/nvm.o
 .debug_macro   0x0000563b      0x9f8 src/ASF/sam0/drivers/nvm/nvm.o
 .debug_macro   0x00006033      0x82b src/ASF/sam0/drivers/nvm/nvm.o
 .debug_macro   0x0000685e      0x45f src/ASF/sam0/drivers/nvm/nvm.o
 .debug_macro   0x00006cbd       0x5e src/ASF/sam0/drivers/nvm/nvm.o
 .debug_macro   0x00006d1b      0x906 src/ASF/sam0/drivers/nvm/nvm.o
 .debug_macro   0x00007621      0x225 src/ASF/sam0/drivers/nvm/nvm.o
 .debug_macro   0x00007846      0x963 src/ASF/sam0/drivers/nvm/nvm.o
 .debug_macro   0x000081a9       0x5e src/ASF/sam0/drivers/nvm/nvm.o
 .debug_macro   0x00008207      0x671 src/ASF/sam0/drivers/nvm/nvm.o
 .debug_macro   0x00008878      0x3af src/ASF/sam0/drivers/nvm/nvm.o
 .debug_macro   0x00008c27      0xc7f src/ASF/sam0/drivers/nvm/nvm.o
 .debug_macro   0x000098a6     0x1092 src/ASF/sam0/drivers/nvm/nvm.o
 .debug_macro   0x0000a938      0xc4a src/ASF/sam0/drivers/nvm/nvm.o
 .debug_macro   0x0000b582      0x6bf src/ASF/sam0/drivers/nvm/nvm.o
 .debug_macro   0x0000bc41     0x1bc9 src/ASF/sam0/drivers/nvm/nvm.o
 .debug_macro   0x0000d80a     0x144a src/ASF/sam0/drivers/nvm/nvm.o
 .debug_macro   0x0000ec54      0x34e src/ASF/sam0/drivers/nvm/nvm.o
 .debug_macro   0x0000efa2       0x7c src/ASF/sam0/drivers/nvm/nvm.o
 .debug_macro   0x0000f01e       0xa0 src/ASF/sam0/drivers/nvm/nvm.o
 .debug_macro   0x0000f0be       0x4c src/ASF/sam0/drivers/nvm/nvm.o
 .debug_macro   0x0000f10a       0xca src/ASF/sam0/drivers/nvm/nvm.o
 .debug_macro   0x0000f1d4       0x94 src/ASF/sam0/drivers/nvm/nvm.o
 .debug_macro   0x0000f268       0x58 src/ASF/sam0/drivers/nvm/nvm.o
 .debug_macro   0x0000f2c0      0x387 src/ASF/sam0/drivers/nvm/nvm.o
 .debug_macro   0x0000f647       0x82 src/ASF/sam0/drivers/nvm/nvm.o
 .debug_macro   0x0000f6c9      0x197 src/ASF/sam0/drivers/nvm/nvm.o
 .debug_macro   0x0000f860       0xb8 src/ASF/sam0/drivers/nvm/nvm.o
 .debug_macro   0x0000f918       0xa0 src/ASF/sam0/drivers/nvm/nvm.o
 .debug_macro   0x0000f9b8       0xb8 src/ASF/sam0/drivers/nvm/nvm.o
 .debug_macro   0x0000fa70       0x1c src/ASF/sam0/drivers/nvm/nvm.o
 .debug_macro   0x0000fa8c       0x1c src/ASF/sam0/drivers/nvm/nvm.o
 .debug_macro   0x0000faa8       0x1c src/ASF/sam0/drivers/nvm/nvm.o
 .debug_macro   0x0000fac4       0x82 src/ASF/sam0/drivers/nvm/nvm.o
 .debug_macro   0x0000fb46      0x161 src/ASF/sam0/drivers/nvm/nvm.o
 .debug_macro   0x0000fca7       0xdc src/ASF/sam0/drivers/nvm/nvm.o
 .debug_macro   0x0000fd83      0x12f src/ASF/sam0/drivers/nvm/nvm.o
 .debug_macro   0x0000feb2      0x12f src/ASF/sam0/drivers/nvm/nvm.o
 .debug_macro   0x0000ffe1      0x12f src/ASF/sam0/drivers/nvm/nvm.o
 .debug_macro   0x00010110      0x12f src/ASF/sam0/drivers/nvm/nvm.o
 .debug_macro   0x0001023f      0x124 src/ASF/sam0/drivers/nvm/nvm.o
 .debug_macro   0x00010363       0xe2 src/ASF/sam0/drivers/nvm/nvm.o
 .debug_macro   0x00010445       0xe2 src/ASF/sam0/drivers/nvm/nvm.o
 .debug_macro   0x00010527       0xe2 src/ASF/sam0/drivers/nvm/nvm.o
 .debug_macro   0x00010609      0x133 src/ASF/sam0/drivers/nvm/nvm.o
 .debug_macro   0x0001073c      0x106 src/ASF/sam0/drivers/nvm/nvm.o
 .debug_macro   0x00010842       0xfa src/ASF/sam0/drivers/nvm/nvm.o
 .debug_macro   0x0001093c      0x40f src/ASF/sam0/drivers/nvm/nvm.o
 .debug_macro   0x00010d4b       0x40 src/ASF/sam0/drivers/nvm/nvm.o
 .debug_macro   0x00010d8b      0x345 src/ASF/sam0/drivers/nvm/nvm.o
 .debug_macro   0x000110d0      0xf7d src/ASF/sam0/drivers/nvm/nvm.o
 .debug_macro   0x0001204d       0x6d src/ASF/sam0/drivers/nvm/nvm.o
 .debug_macro   0x000120ba       0x58 src/ASF/sam0/drivers/nvm/nvm.o
 .debug_macro   0x00012112       0x35 src/ASF/sam0/drivers/nvm/nvm.o
 .debug_macro   0x00012147       0x9c src/ASF/sam0/drivers/nvm/nvm.o
 .debug_macro   0x000121e3       0x16 src/ASF/sam0/drivers/nvm/nvm.o
 .debug_macro   0x000121f9       0x35 src/ASF/sam0/drivers/nvm/nvm.o
 .debug_macro   0x0001222e      0x353 src/ASF/sam0/drivers/nvm/nvm.o
 .debug_macro   0x00012581       0x10 src/ASF/sam0/drivers/nvm/nvm.o
 .debug_macro   0x00012591       0x58 src/ASF/sam0/drivers/nvm/nvm.o
 .debug_macro   0x000125e9       0x1f src/ASF/sam0/drivers/nvm/nvm.o
 .debug_macro   0x00012608       0x43 src/ASF/sam0/drivers/nvm/nvm.o
 .debug_macro   0x0001264b       0x20 src/ASF/sam0/drivers/nvm/nvm.o
 .debug_macro   0x0001266b      0x187 src/ASF/sam0/drivers/nvm/nvm.o
 .debug_macro   0x000127f2       0x10 src/ASF/sam0/drivers/nvm/nvm.o
 .debug_macro   0x00012802       0x1c src/ASF/sam0/drivers/nvm/nvm.o
 .debug_macro   0x0001281e       0x52 src/ASF/sam0/drivers/nvm/nvm.o
 .debug_macro   0x00012870       0x40 src/ASF/sam0/drivers/nvm/nvm.o
 .debug_macro   0x000128b0       0x10 src/ASF/sam0/drivers/nvm/nvm.o
 .debug_macro   0x000128c0       0x40 src/ASF/sam0/drivers/nvm/nvm.o
 .debug_macro   0x00012900       0xd7 src/ASF/sam0/drivers/nvm/nvm.o
 .debug_macro   0x000129d7       0x16 src/ASF/sam0/drivers/nvm/nvm.o
 .debug_macro   0x000129ed      0x18b src/ASF/sam0/drivers/nvm/nvm.o
 .debug_macro   0x00012b78       0x16 src/ASF/sam0/drivers/nvm/nvm.o
 .debug_macro   0x00012b8e       0x16 src/ASF/sam0/drivers/nvm/nvm.o
 .debug_macro   0x00012ba4       0x29 src/ASF/sam0/drivers/nvm/nvm.o
 .debug_macro   0x00012bcd       0x51 src/ASF/sam0/drivers/nvm/nvm.o
 .debug_macro   0x00012c1e       0x3f src/ASF/sam0/drivers/nvm/nvm.o
 .debug_macro   0x00012c5d      0x3df src/ASF/sam0/drivers/nvm/nvm.o
 .debug_macro   0x0001303c       0x11 src/ASF/sam0/drivers/nvm/nvm.o
 .debug_macro   0x0001304d       0x18 src/ASF/sam0/drivers/nvm/nvm.o
 .debug_macro   0x00013065       0x16 src/ASF/sam0/drivers/nvm/nvm.o
 .debug_macro   0x0001307b       0x2e src/ASF/sam0/drivers/nvm/nvm.o
 .debug_macro   0x000130a9       0x16 src/ASF/sam0/drivers/nvm/nvm.o
 .debug_macro   0x000130bf      0x577 src/ASF/sam0/drivers/sercom/sercom.o
 .debug_macro   0x00013636       0x7a src/ASF/sam0/drivers/sercom/sercom.o
 .debug_macro   0x000136b0       0x10 src/ASF/sam0/drivers/sercom/sercom.o
 .debug_macro   0x000136c0      0x4ea src/ASF/sam0/utils/stdio/read.o
 .debug_macro   0x00013baa      0x4ea src/ASF/sam0/utils/stdio/write.o
 .debug_macro   0x00014094      0x5e1 src/misc.o
 .debug_macro   0x00014675      0x2c6 src/misc.o
 .debug_macro   0x0001493b       0x11 src/misc.o
 .debug_macro   0x0001494c       0x57 src/misc.o
 .debug_macro   0x000149a3       0x10 src/misc.o
 .debug_macro   0x000149b3       0x5e src/misc.o
 .debug_macro   0x00014a11      0x56f src/ASF/sam0/drivers/sercom/usart/usart.o
 .debug_macro   0x00014f80       0x51 src/ASF/sam0/drivers/sercom/usart/usart.o
 .debug_macro   0x00014fd1      0x5cd src/ASF/common2/boards/user_board/init.o
 .debug_macro   0x0001559e      0x4ea src/ASF/common/utils/interrupt/interrupt_sam_nvic.o
 .debug_macro   0x00015a88      0x55b src/ASF/sam0/drivers/system/clock/clock_samd21_r21_da_ha1/clock.o
 .debug_macro   0x00015fe3      0x29d src/ASF/sam0/drivers/system/clock/clock_samd21_r21_da_ha1/clock.o
 .debug_macro   0x00016280      0x520 src/ASF/sam0/drivers/system/clock/clock_samd21_r21_da_ha1/gclk.o
 .debug_macro   0x000167a0      0x4fa src/ASF/sam0/drivers/system/pinmux/pinmux.o
 .debug_macro   0x00016c9a       0x12 src/ASF/sam0/drivers/system/pinmux/pinmux.o
 .debug_macro   0x00016cac      0x52d src/ASF/sam0/drivers/system/system.o
 .debug_macro   0x000171d9      0x2d1 src/ASF/sam0/utils/cmsis/samd21/source/gcc/startup_samd21.o
 .debug_macro   0x000174aa       0x3a src/ASF/sam0/utils/cmsis/samd21/source/gcc/startup_samd21.o
 .debug_macro   0x000174e4      0x1d6 src/ASF/sam0/utils/syscalls/gcc/syscalls.o
 .debug_macro   0x000176ba       0x52 src/ASF/sam0/utils/syscalls/gcc/syscalls.o
 .debug_macro   0x0001770c       0x8d src/ASF/sam0/utils/syscalls/gcc/syscalls.o
 .debug_macro   0x00017799       0x57 src/ASF/sam0/utils/syscalls/gcc/syscalls.o
 .debug_macro   0x000177f0       0x97 src/ASF/sam0/utils/syscalls/gcc/syscalls.o
 .debug_macro   0x00017887       0xf6 src/ASF/sam0/utils/syscalls/gcc/syscalls.o
 .debug_macro   0x0001797d       0x4c src/ASF/sam0/utils/syscalls/gcc/syscalls.o
 .debug_macro   0x000179c9       0x16 src/ASF/sam0/utils/syscalls/gcc/syscalls.o
 .debug_macro   0x000179df       0x10 src/ASF/sam0/utils/syscalls/gcc/syscalls.o
 .debug_macro   0x000179ef       0x10 src/ASF/sam0/utils/syscalls/gcc/syscalls.o
 .debug_macro   0x000179ff       0x35 src/ASF/sam0/utils/syscalls/gcc/syscalls.o
 .debug_macro   0x00017a34      0x122 src/ASF/sam0/utils/syscalls/gcc/syscalls.o
 .debug_macro   0x00017b56      0x5de src/main.o

.debug_line     0x00000000     0x9c04
 .debug_line    0x00000000      0xdcf src/ASF/sam0/drivers/nvm/nvm.o
 .debug_line    0x00000dcf      0xb93 src/ASF/sam0/drivers/sercom/sercom.o
 .debug_line    0x00001962      0x889 src/ASF/sam0/utils/stdio/read.o
 .debug_line    0x000021eb      0x87d src/ASF/sam0/utils/stdio/write.o
 .debug_line    0x00002a68      0xce6 src/misc.o
 .debug_line    0x0000374e      0xce6 src/ASF/sam0/drivers/sercom/usart/usart.o
 .debug_line    0x00004434      0xc3f src/ASF/common2/boards/user_board/init.o
 .debug_line    0x00005073      0x8ac src/ASF/common/utils/interrupt/interrupt_sam_nvic.o
 .debug_line    0x0000591f      0xc2d src/ASF/sam0/drivers/system/clock/clock_samd21_r21_da_ha1/clock.o
 .debug_line    0x0000654c      0xc54 src/ASF/sam0/drivers/system/clock/clock_samd21_r21_da_ha1/gclk.o
 .debug_line    0x000071a0      0x925 src/ASF/sam0/drivers/system/pinmux/pinmux.o
 .debug_line    0x00007ac5      0x9cf src/ASF/sam0/drivers/system/system.o
 .debug_line    0x00008494      0x62a src/ASF/sam0/utils/cmsis/samd21/source/gcc/startup_samd21.o
 .debug_line    0x00008abe      0x40a src/ASF/sam0/utils/syscalls/gcc/syscalls.o
 .debug_line    0x00008ec8      0xd3c src/main.o

.debug_str      0x00000000    0x83411
 .debug_str     0x00000000    0x7c7c7 src/ASF/sam0/drivers/nvm/nvm.o
                              0x7d1bc (size before relaxing)
 .debug_str     0x0007c7c7      0xe60 src/ASF/sam0/drivers/sercom/sercom.o
                              0x7cf6f (size before relaxing)
 .debug_str     0x0007d627       0x3d src/ASF/sam0/utils/stdio/read.o
                              0x7b9c7 (size before relaxing)
 .debug_str     0x0007d664       0x2c src/ASF/sam0/utils/stdio/write.o
                              0x7b9c8 (size before relaxing)
 .debug_str     0x0007d690     0x145f src/misc.o
                              0x7e04a (size before relaxing)
 .debug_str     0x0007eaef      0x3f6 src/ASF/sam0/drivers/sercom/usart/usart.o
                              0x7db6d (size before relaxing)
 .debug_str     0x0007eee5       0x3e src/ASF/common2/boards/user_board/init.o
                              0x7caa8 (size before relaxing)
 .debug_str     0x0007ef23       0x66 src/ASF/common/utils/interrupt/interrupt_sam_nvic.o
                              0x7ba20 (size before relaxing)
 .debug_str     0x0007ef89     0x267f src/ASF/sam0/drivers/system/clock/clock_samd21_r21_da_ha1/clock.o
                              0x7ebb9 (size before relaxing)
 .debug_str     0x00081608      0x1fa src/ASF/sam0/drivers/system/clock/clock_samd21_r21_da_ha1/gclk.o
                              0x7c6e3 (size before relaxing)
 .debug_str     0x00081802      0x340 src/ASF/sam0/drivers/system/pinmux/pinmux.o
                              0x7bec2 (size before relaxing)
 .debug_str     0x00081b42       0x47 src/ASF/sam0/drivers/system/system.o
                              0x7bafd (size before relaxing)
 .debug_str     0x00081b89      0xf1c src/ASF/sam0/utils/cmsis/samd21/source/gcc/startup_samd21.o
                              0x678d1 (size before relaxing)
 .debug_str     0x00082aa5      0x762 src/ASF/sam0/utils/syscalls/gcc/syscalls.o
                               0x738c (size before relaxing)
 .debug_str     0x00083207      0x20a src/main.o
                              0x7dbeb (size before relaxing)

.debug_frame    0x00000000     0x10c8
 .debug_frame   0x00000000      0x12c src/ASF/sam0/drivers/nvm/nvm.o
 .debug_frame   0x0000012c       0xbc src/ASF/sam0/drivers/sercom/sercom.o
 .debug_frame   0x000001e8       0x34 src/ASF/sam0/utils/stdio/read.o
 .debug_frame   0x0000021c       0x34 src/ASF/sam0/utils/stdio/write.o
 .debug_frame   0x00000250       0x6c src/misc.o
 .debug_frame   0x000002bc       0xac src/ASF/sam0/drivers/sercom/usart/usart.o
 .debug_frame   0x00000368       0x20 src/ASF/common2/boards/user_board/init.o
 .debug_frame   0x00000388       0x30 src/ASF/common/utils/interrupt/interrupt_sam_nvic.o
 .debug_frame   0x000003b8      0x14c src/ASF/sam0/drivers/system/clock/clock_samd21_r21_da_ha1/clock.o
 .debug_frame   0x00000504      0x148 src/ASF/sam0/drivers/system/clock/clock_samd21_r21_da_ha1/gclk.o
 .debug_frame   0x0000064c       0x98 src/ASF/sam0/drivers/system/pinmux/pinmux.o
 .debug_frame   0x000006e4       0x38 src/ASF/sam0/drivers/system/system.o
 .debug_frame   0x0000071c       0x40 src/ASF/sam0/utils/cmsis/samd21/source/gcc/startup_samd21.o
 .debug_frame   0x0000075c       0xa0 src/ASF/sam0/utils/syscalls/gcc/syscalls.o
 .debug_frame   0x000007fc       0x94 src/main.o
 .debug_frame   0x00000890       0x20 d:/program files (x86)/atmel/studio/7.0/toolchain/arm/arm-gnu-toolchain/bin/../lib/gcc/arm-none-eabi/6.3.1/thumb/v6-m\libgcc.a(_udivsi3.o)
 .debug_frame   0x000008b0       0x34 d:/program files (x86)/atmel/studio/7.0/toolchain/arm/arm-gnu-toolchain/bin/../lib/gcc/arm-none-eabi/6.3.1/thumb/v6-m\libgcc.a(_muldi3.o)
 .debug_frame   0x000008e4       0x2c d:/program files (x86)/atmel/studio/7.0/toolchain/arm/arm-gnu-toolchain/bin/../lib/gcc/arm-none-eabi/6.3.1/../../../../arm-none-eabi/lib/thumb/v6-m\libc_nano.a(lib_a-init.o)
 .debug_frame   0x00000910       0x20 d:/program files (x86)/atmel/studio/7.0/toolchain/arm/arm-gnu-toolchain/bin/../lib/gcc/arm-none-eabi/6.3.1/../../../../arm-none-eabi/lib/thumb/v6-m\libc_nano.a(lib_a-memset.o)
 .debug_frame   0x00000930       0x50 d:/program files (x86)/atmel/studio/7.0/toolchain/arm/arm-gnu-toolchain/bin/../lib/gcc/arm-none-eabi/6.3.1/../../../../arm-none-eabi/lib/thumb/v6-m\libc_nano.a(lib_a-printf.o)
 .debug_frame   0x00000980       0x44 d:/program files (x86)/atmel/studio/7.0/toolchain/arm/arm-gnu-toolchain/bin/../lib/gcc/arm-none-eabi/6.3.1/../../../../arm-none-eabi/lib/thumb/v6-m\libc_nano.a(lib_a-puts.o)
 .debug_frame   0x000009c4       0x28 d:/program files (x86)/atmel/studio/7.0/toolchain/arm/arm-gnu-toolchain/bin/../lib/gcc/arm-none-eabi/6.3.1/../../../../arm-none-eabi/lib/thumb/v6-m\libc_nano.a(lib_a-setbuf.o)
 .debug_frame   0x000009ec       0x30 d:/program files (x86)/atmel/studio/7.0/toolchain/arm/arm-gnu-toolchain/bin/../lib/gcc/arm-none-eabi/6.3.1/../../../../arm-none-eabi/lib/thumb/v6-m\libc_nano.a(lib_a-setvbuf.o)
 .debug_frame   0x00000a1c       0x48 d:/program files (x86)/atmel/studio/7.0/toolchain/arm/arm-gnu-toolchain/bin/../lib/gcc/arm-none-eabi/6.3.1/../../../../arm-none-eabi/lib/thumb/v6-m\libc_nano.a(lib_a-wbuf.o)
 .debug_frame   0x00000a64       0x2c d:/program files (x86)/atmel/studio/7.0/toolchain/arm/arm-gnu-toolchain/bin/../lib/gcc/arm-none-eabi/6.3.1/../../../../arm-none-eabi/lib/thumb/v6-m\libc_nano.a(lib_a-wsetup.o)
 .debug_frame   0x00000a90       0x68 d:/program files (x86)/atmel/studio/7.0/toolchain/arm/arm-gnu-toolchain/bin/../lib/gcc/arm-none-eabi/6.3.1/../../../../arm-none-eabi/lib/thumb/v6-m\libc_nano.a(lib_a-fflush.o)
 .debug_frame   0x00000af8      0x140 d:/program files (x86)/atmel/studio/7.0/toolchain/arm/arm-gnu-toolchain/bin/../lib/gcc/arm-none-eabi/6.3.1/../../../../arm-none-eabi/lib/thumb/v6-m\libc_nano.a(lib_a-findfp.o)
 .debug_frame   0x00000c38       0x58 d:/program files (x86)/atmel/studio/7.0/toolchain/arm/arm-gnu-toolchain/bin/../lib/gcc/arm-none-eabi/6.3.1/../../../../arm-none-eabi/lib/thumb/v6-m\libc_nano.a(lib_a-fwalk.o)
 .debug_frame   0x00000c90       0x54 d:/program files (x86)/atmel/studio/7.0/toolchain/arm/arm-gnu-toolchain/bin/../lib/gcc/arm-none-eabi/6.3.1/../../../../arm-none-eabi/lib/thumb/v6-m\libc_nano.a(lib_a-makebuf.o)
 .debug_frame   0x00000ce4       0x40 d:/program files (x86)/atmel/studio/7.0/toolchain/arm/arm-gnu-toolchain/bin/../lib/gcc/arm-none-eabi/6.3.1/../../../../arm-none-eabi/lib/thumb/v6-m\libc_nano.a(lib_a-malloc.o)
 .debug_frame   0x00000d24       0x2c d:/program files (x86)/atmel/studio/7.0/toolchain/arm/arm-gnu-toolchain/bin/../lib/gcc/arm-none-eabi/6.3.1/../../../../arm-none-eabi/lib/thumb/v6-m\libc_nano.a(lib_a-nano-freer.o)
 .debug_frame   0x00000d50       0x2c d:/program files (x86)/atmel/studio/7.0/toolchain/arm/arm-gnu-toolchain/bin/../lib/gcc/arm-none-eabi/6.3.1/../../../../arm-none-eabi/lib/thumb/v6-m\libc_nano.a(lib_a-nano-mallocr.o)
 .debug_frame   0x00000d7c       0x9c d:/program files (x86)/atmel/studio/7.0/toolchain/arm/arm-gnu-toolchain/bin/../lib/gcc/arm-none-eabi/6.3.1/../../../../arm-none-eabi/lib/thumb/v6-m\libc_nano.a(lib_a-nano-vfprintf.o)
 .debug_frame   0x00000e18       0x54 d:/program files (x86)/atmel/studio/7.0/toolchain/arm/arm-gnu-toolchain/bin/../lib/gcc/arm-none-eabi/6.3.1/../../../../arm-none-eabi/lib/thumb/v6-m\libc_nano.a(lib_a-nano-vfprintf_i.o)
 .debug_frame   0x00000e6c       0x2c d:/program files (x86)/atmel/studio/7.0/toolchain/arm/arm-gnu-toolchain/bin/../lib/gcc/arm-none-eabi/6.3.1/../../../../arm-none-eabi/lib/thumb/v6-m\libc_nano.a(lib_a-sbrkr.o)
 .debug_frame   0x00000e98       0x90 d:/program files (x86)/atmel/studio/7.0/toolchain/arm/arm-gnu-toolchain/bin/../lib/gcc/arm-none-eabi/6.3.1/../../../../arm-none-eabi/lib/thumb/v6-m\libc_nano.a(lib_a-stdio.o)
 .debug_frame   0x00000f28       0x2c d:/program files (x86)/atmel/studio/7.0/toolchain/arm/arm-gnu-toolchain/bin/../lib/gcc/arm-none-eabi/6.3.1/../../../../arm-none-eabi/lib/thumb/v6-m\libc_nano.a(lib_a-writer.o)
 .debug_frame   0x00000f54       0x2c d:/program files (x86)/atmel/studio/7.0/toolchain/arm/arm-gnu-toolchain/bin/../lib/gcc/arm-none-eabi/6.3.1/../../../../arm-none-eabi/lib/thumb/v6-m\libc_nano.a(lib_a-closer.o)
 .debug_frame   0x00000f80       0x2c d:/program files (x86)/atmel/studio/7.0/toolchain/arm/arm-gnu-toolchain/bin/../lib/gcc/arm-none-eabi/6.3.1/../../../../arm-none-eabi/lib/thumb/v6-m\libc_nano.a(lib_a-fstatr.o)
 .debug_frame   0x00000fac       0x2c d:/program files (x86)/atmel/studio/7.0/toolchain/arm/arm-gnu-toolchain/bin/../lib/gcc/arm-none-eabi/6.3.1/../../../../arm-none-eabi/lib/thumb/v6-m\libc_nano.a(lib_a-isattyr.o)
 .debug_frame   0x00000fd8       0x2c d:/program files (x86)/atmel/studio/7.0/toolchain/arm/arm-gnu-toolchain/bin/../lib/gcc/arm-none-eabi/6.3.1/../../../../arm-none-eabi/lib/thumb/v6-m\libc_nano.a(lib_a-lseekr.o)
 .debug_frame   0x00001004       0x20 d:/program files (x86)/atmel/studio/7.0/toolchain/arm/arm-gnu-toolchain/bin/../lib/gcc/arm-none-eabi/6.3.1/../../../../arm-none-eabi/lib/thumb/v6-m\libc_nano.a(lib_a-memchr-stub.o)
 .debug_frame   0x00001024       0x30 d:/program files (x86)/atmel/studio/7.0/toolchain/arm/arm-gnu-toolchain/bin/../lib/gcc/arm-none-eabi/6.3.1/../../../../arm-none-eabi/lib/thumb/v6-m\libc_nano.a(lib_a-mlock.o)
 .debug_frame   0x00001054       0x2c d:/program files (x86)/atmel/studio/7.0/toolchain/arm/arm-gnu-toolchain/bin/../lib/gcc/arm-none-eabi/6.3.1/../../../../arm-none-eabi/lib/thumb/v6-m\libc_nano.a(lib_a-readr.o)
 .debug_frame   0x00001080       0x48 d:/program files (x86)/atmel/studio/7.0/toolchain/arm/arm-gnu-toolchain/bin/../lib/gcc/arm-none-eabi/6.3.1/../../../../arm-none-eabi/lib/thumb/v6-m\libc_nano.a(lib_a-reent.o)

Cross Reference Table

Symbol                                            File
AC_Handler                                        src/ASF/sam0/utils/cmsis/samd21/source/gcc/startup_samd21.o
ADC_Handler                                       src/ASF/sam0/utils/cmsis/samd21/source/gcc/startup_samd21.o
DAC_Handler                                       src/ASF/sam0/utils/cmsis/samd21/source/gcc/startup_samd21.o
DMAC_Handler                                      src/ASF/sam0/utils/cmsis/samd21/source/gcc/startup_samd21.o
Dummy_Handler                                     src/ASF/sam0/utils/cmsis/samd21/source/gcc/startup_samd21.o
EIC_Handler                                       src/ASF/sam0/utils/cmsis/samd21/source/gcc/startup_samd21.o
EVSYS_Handler                                     src/ASF/sam0/utils/cmsis/samd21/source/gcc/startup_samd21.o
HardFault_Handler                                 src/ASF/sam0/utils/cmsis/samd21/source/gcc/startup_samd21.o
I2S_Handler                                       src/ASF/sam0/utils/cmsis/samd21/source/gcc/startup_samd21.o
NMI_Handler                                       src/ASF/sam0/utils/cmsis/samd21/source/gcc/startup_samd21.o
NVMCTRL_Handler                                   src/ASF/sam0/utils/cmsis/samd21/source/gcc/startup_samd21.o
PM_Handler                                        src/ASF/sam0/utils/cmsis/samd21/source/gcc/startup_samd21.o
PTC_Handler                                       src/ASF/sam0/utils/cmsis/samd21/source/gcc/startup_samd21.o
PendSV_Handler                                    src/ASF/sam0/utils/cmsis/samd21/source/gcc/startup_samd21.o
RTC_Handler                                       src/ASF/sam0/utils/cmsis/samd21/source/gcc/startup_samd21.o
Reset_Handler                                     src/ASF/sam0/utils/cmsis/samd21/source/gcc/startup_samd21.o
SERCOM0_Handler                                   src/ASF/sam0/utils/cmsis/samd21/source/gcc/startup_samd21.o
SERCOM1_Handler                                   src/ASF/sam0/utils/cmsis/samd21/source/gcc/startup_samd21.o
SERCOM2_Handler                                   src/ASF/sam0/utils/cmsis/samd21/source/gcc/startup_samd21.o
SERCOM3_Handler                                   src/ASF/sam0/utils/cmsis/samd21/source/gcc/startup_samd21.o
SVC_Handler                                       src/ASF/sam0/utils/cmsis/samd21/source/gcc/startup_samd21.o
SYSCTRL_Handler                                   src/ASF/sam0/utils/cmsis/samd21/source/gcc/startup_samd21.o
SysTick_Handler                                   src/ASF/sam0/utils/cmsis/samd21/source/gcc/startup_samd21.o
SystemCoreClock                                   src/ASF/sam0/utils/cmsis/samd21/source/system_samd21.o
SystemCoreClockUpdate                             src/ASF/sam0/utils/cmsis/samd21/source/system_samd21.o
SystemInit                                        src/ASF/sam0/utils/cmsis/samd21/source/system_samd21.o
TC3_Handler                                       src/ASF/sam0/utils/cmsis/samd21/source/gcc/startup_samd21.o
TC4_Handler                                       src/ASF/sam0/utils/cmsis/samd21/source/gcc/startup_samd21.o
TC5_Handler                                       src/ASF/sam0/utils/cmsis/samd21/source/gcc/startup_samd21.o
TCC0_Handler                                      src/ASF/sam0/utils/cmsis/samd21/source/gcc/startup_samd21.o
TCC1_Handler                                      src/ASF/sam0/utils/cmsis/samd21/source/gcc/startup_samd21.o
TCC2_Handler                                      src/ASF/sam0/utils/cmsis/samd21/source/gcc/startup_samd21.o
USB_Handler                                       src/ASF/sam0/utils/cmsis/samd21/source/gcc/startup_samd21.o
WDT_Handler                                       src/ASF/sam0/utils/cmsis/samd21/source/gcc/startup_samd21.o
_Jv_RegisterClasses                               d:/program files (x86)/atmel/studio/7.0/toolchain/arm/arm-gnu-toolchain/bin/../lib/gcc/arm-none-eabi/6.3.1/thumb/v6-m/crtbegin.o
__aeabi_idiv                                      d:/program files (x86)/atmel/studio/7.0/toolchain/arm/arm-gnu-toolchain/bin/../lib/gcc/arm-none-eabi/6.3.1/thumb/v6-m\libgcc.a(_divsi3.o)
                                                  d:/program files (x86)/atmel/studio/7.0/toolchain/arm/arm-gnu-toolchain/bin/../lib/gcc/arm-none-eabi/6.3.1/../../../../arm-none-eabi/lib/thumb/v6-m\libc_nano.a(lib_a-fvwrite.o)
__aeabi_idiv0                                     d:/program files (x86)/atmel/studio/7.0/toolchain/arm/arm-gnu-toolchain/bin/../lib/gcc/arm-none-eabi/6.3.1/thumb/v6-m\libgcc.a(_dvmd_tls.o)
                                                  d:/program files (x86)/atmel/studio/7.0/toolchain/arm/arm-gnu-toolchain/bin/../lib/gcc/arm-none-eabi/6.3.1/thumb/v6-m\libgcc.a(_divsi3.o)
                                                  d:/program files (x86)/atmel/studio/7.0/toolchain/arm/arm-gnu-toolchain/bin/../lib/gcc/arm-none-eabi/6.3.1/thumb/v6-m\libgcc.a(_udivsi3.o)
__aeabi_idivmod                                   d:/program files (x86)/atmel/studio/7.0/toolchain/arm/arm-gnu-toolchain/bin/../lib/gcc/arm-none-eabi/6.3.1/thumb/v6-m\libgcc.a(_divsi3.o)
__aeabi_ldiv0                                     d:/program files (x86)/atmel/studio/7.0/toolchain/arm/arm-gnu-toolchain/bin/../lib/gcc/arm-none-eabi/6.3.1/thumb/v6-m\libgcc.a(_dvmd_tls.o)
__aeabi_lmul                                      d:/program files (x86)/atmel/studio/7.0/toolchain/arm/arm-gnu-toolchain/bin/../lib/gcc/arm-none-eabi/6.3.1/thumb/v6-m\libgcc.a(_muldi3.o)
                                                  src/ASF/sam0/drivers/sercom/sercom.o
__aeabi_uidiv                                     d:/program files (x86)/atmel/studio/7.0/toolchain/arm/arm-gnu-toolchain/bin/../lib/gcc/arm-none-eabi/6.3.1/thumb/v6-m\libgcc.a(_udivsi3.o)
                                                  d:/program files (x86)/atmel/studio/7.0/toolchain/arm/arm-gnu-toolchain/bin/../lib/gcc/arm-none-eabi/6.3.1/../../../../arm-none-eabi/lib/thumb/v6-m\libc_nano.a(lib_a-nano-vfprintf_i.o)
                                                  src/ASF/sam0/drivers/system/clock/clock_samd21_r21_da_ha1/gclk.o
                                                  src/ASF/sam0/drivers/system/clock/clock_samd21_r21_da_ha1/clock.o
                                                  src/ASF/sam0/drivers/nvm/nvm.o
__aeabi_uidivmod                                  d:/program files (x86)/atmel/studio/7.0/toolchain/arm/arm-gnu-toolchain/bin/../lib/gcc/arm-none-eabi/6.3.1/thumb/v6-m\libgcc.a(_udivsi3.o)
                                                  d:/program files (x86)/atmel/studio/7.0/toolchain/arm/arm-gnu-toolchain/bin/../lib/gcc/arm-none-eabi/6.3.1/../../../../arm-none-eabi/lib/thumb/v6-m\libc_nano.a(lib_a-nano-vfprintf_i.o)
                                                  src/ASF/sam0/drivers/nvm/nvm.o
__bss_end__                                       d:/program files (x86)/atmel/studio/7.0/toolchain/arm/arm-gnu-toolchain/bin/../lib/gcc/arm-none-eabi/6.3.1/../../../../arm-none-eabi/lib/thumb/v6-m/crt0.o
__bss_start__                                     d:/program files (x86)/atmel/studio/7.0/toolchain/arm/arm-gnu-toolchain/bin/../lib/gcc/arm-none-eabi/6.3.1/../../../../arm-none-eabi/lib/thumb/v6-m/crt0.o
__call_exitprocs                                  d:/program files (x86)/atmel/studio/7.0/toolchain/arm/arm-gnu-toolchain/bin/../lib/gcc/arm-none-eabi/6.3.1/../../../../arm-none-eabi/lib/thumb/v6-m\libc_nano.a(lib_a-exit.o)
__deregister_frame_info                           d:/program files (x86)/atmel/studio/7.0/toolchain/arm/arm-gnu-toolchain/bin/../lib/gcc/arm-none-eabi/6.3.1/thumb/v6-m/crtbegin.o
__divsi3                                          d:/program files (x86)/atmel/studio/7.0/toolchain/arm/arm-gnu-toolchain/bin/../lib/gcc/arm-none-eabi/6.3.1/thumb/v6-m\libgcc.a(_divsi3.o)
__dso_handle                                      d:/program files (x86)/atmel/studio/7.0/toolchain/arm/arm-gnu-toolchain/bin/../lib/gcc/arm-none-eabi/6.3.1/thumb/v6-m/crtbegin.o
__fp_lock_all                                     d:/program files (x86)/atmel/studio/7.0/toolchain/arm/arm-gnu-toolchain/bin/../lib/gcc/arm-none-eabi/6.3.1/../../../../arm-none-eabi/lib/thumb/v6-m\libc_nano.a(lib_a-findfp.o)
__fp_unlock_all                                   d:/program files (x86)/atmel/studio/7.0/toolchain/arm/arm-gnu-toolchain/bin/../lib/gcc/arm-none-eabi/6.3.1/../../../../arm-none-eabi/lib/thumb/v6-m\libc_nano.a(lib_a-findfp.o)
__init_array_end                                  d:/program files (x86)/atmel/studio/7.0/toolchain/arm/arm-gnu-toolchain/bin/../lib/gcc/arm-none-eabi/6.3.1/../../../../arm-none-eabi/lib/thumb/v6-m\libc_nano.a(lib_a-init.o)
__init_array_start                                d:/program files (x86)/atmel/studio/7.0/toolchain/arm/arm-gnu-toolchain/bin/../lib/gcc/arm-none-eabi/6.3.1/../../../../arm-none-eabi/lib/thumb/v6-m\libc_nano.a(lib_a-init.o)
__libc_fini_array                                 d:/program files (x86)/atmel/studio/7.0/toolchain/arm/arm-gnu-toolchain/bin/../lib/gcc/arm-none-eabi/6.3.1/../../../../arm-none-eabi/lib/thumb/v6-m/crt0.o
__libc_init_array                                 d:/program files (x86)/atmel/studio/7.0/toolchain/arm/arm-gnu-toolchain/bin/../lib/gcc/arm-none-eabi/6.3.1/../../../../arm-none-eabi/lib/thumb/v6-m\libc_nano.a(lib_a-init.o)
                                                  src/ASF/sam0/utils/cmsis/samd21/source/gcc/startup_samd21.o
                                                  d:/program files (x86)/atmel/studio/7.0/toolchain/arm/arm-gnu-toolchain/bin/../lib/gcc/arm-none-eabi/6.3.1/../../../../arm-none-eabi/lib/thumb/v6-m/crt0.o
__malloc_free_list                                d:/program files (x86)/atmel/studio/7.0/toolchain/arm/arm-gnu-toolchain/bin/../lib/gcc/arm-none-eabi/6.3.1/../../../../arm-none-eabi/lib/thumb/v6-m\libc_nano.a(lib_a-nano-mallocr.o)
                                                  d:/program files (x86)/atmel/studio/7.0/toolchain/arm/arm-gnu-toolchain/bin/../lib/gcc/arm-none-eabi/6.3.1/../../../../arm-none-eabi/lib/thumb/v6-m\libc_nano.a(lib_a-nano-freer.o)
__malloc_lock                                     d:/program files (x86)/atmel/studio/7.0/toolchain/arm/arm-gnu-toolchain/bin/../lib/gcc/arm-none-eabi/6.3.1/../../../../arm-none-eabi/lib/thumb/v6-m\libc_nano.a(lib_a-mlock.o)
                                                  d:/program files (x86)/atmel/studio/7.0/toolchain/arm/arm-gnu-toolchain/bin/../lib/gcc/arm-none-eabi/6.3.1/../../../../arm-none-eabi/lib/thumb/v6-m\libc_nano.a(lib_a-nano-mallocr.o)
                                                  d:/program files (x86)/atmel/studio/7.0/toolchain/arm/arm-gnu-toolchain/bin/../lib/gcc/arm-none-eabi/6.3.1/../../../../arm-none-eabi/lib/thumb/v6-m\libc_nano.a(lib_a-nano-freer.o)
__malloc_sbrk_start                               d:/program files (x86)/atmel/studio/7.0/toolchain/arm/arm-gnu-toolchain/bin/../lib/gcc/arm-none-eabi/6.3.1/../../../../arm-none-eabi/lib/thumb/v6-m\libc_nano.a(lib_a-nano-mallocr.o)
__malloc_unlock                                   d:/program files (x86)/atmel/studio/7.0/toolchain/arm/arm-gnu-toolchain/bin/../lib/gcc/arm-none-eabi/6.3.1/../../../../arm-none-eabi/lib/thumb/v6-m\libc_nano.a(lib_a-mlock.o)
                                                  d:/program files (x86)/atmel/studio/7.0/toolchain/arm/arm-gnu-toolchain/bin/../lib/gcc/arm-none-eabi/6.3.1/../../../../arm-none-eabi/lib/thumb/v6-m\libc_nano.a(lib_a-nano-mallocr.o)
                                                  d:/program files (x86)/atmel/studio/7.0/toolchain/arm/arm-gnu-toolchain/bin/../lib/gcc/arm-none-eabi/6.3.1/../../../../arm-none-eabi/lib/thumb/v6-m\libc_nano.a(lib_a-nano-freer.o)
__muldi3                                          d:/program files (x86)/atmel/studio/7.0/toolchain/arm/arm-gnu-toolchain/bin/../lib/gcc/arm-none-eabi/6.3.1/thumb/v6-m\libgcc.a(_muldi3.o)
__preinit_array_end                               d:/program files (x86)/atmel/studio/7.0/toolchain/arm/arm-gnu-toolchain/bin/../lib/gcc/arm-none-eabi/6.3.1/../../../../arm-none-eabi/lib/thumb/v6-m\libc_nano.a(lib_a-init.o)
__preinit_array_start                             d:/program files (x86)/atmel/studio/7.0/toolchain/arm/arm-gnu-toolchain/bin/../lib/gcc/arm-none-eabi/6.3.1/../../../../arm-none-eabi/lib/thumb/v6-m\libc_nano.a(lib_a-init.o)
__register_frame_info                             d:/program files (x86)/atmel/studio/7.0/toolchain/arm/arm-gnu-toolchain/bin/../lib/gcc/arm-none-eabi/6.3.1/thumb/v6-m/crtbegin.o
__sclose                                          d:/program files (x86)/atmel/studio/7.0/toolchain/arm/arm-gnu-toolchain/bin/../lib/gcc/arm-none-eabi/6.3.1/../../../../arm-none-eabi/lib/thumb/v6-m\libc_nano.a(lib_a-stdio.o)
                                                  d:/program files (x86)/atmel/studio/7.0/toolchain/arm/arm-gnu-toolchain/bin/../lib/gcc/arm-none-eabi/6.3.1/../../../../arm-none-eabi/lib/thumb/v6-m\libc_nano.a(lib_a-findfp.o)
__seofread                                        d:/program files (x86)/atmel/studio/7.0/toolchain/arm/arm-gnu-toolchain/bin/../lib/gcc/arm-none-eabi/6.3.1/../../../../arm-none-eabi/lib/thumb/v6-m\libc_nano.a(lib_a-stdio.o)
__sf_fake_stderr                                  d:/program files (x86)/atmel/studio/7.0/toolchain/arm/arm-gnu-toolchain/bin/../lib/gcc/arm-none-eabi/6.3.1/../../../../arm-none-eabi/lib/thumb/v6-m\libc_nano.a(lib_a-findfp.o)
                                                  d:/program files (x86)/atmel/studio/7.0/toolchain/arm/arm-gnu-toolchain/bin/../lib/gcc/arm-none-eabi/6.3.1/../../../../arm-none-eabi/lib/thumb/v6-m\libc_nano.a(lib_a-nano-vfprintf.o)
                                                  d:/program files (x86)/atmel/studio/7.0/toolchain/arm/arm-gnu-toolchain/bin/../lib/gcc/arm-none-eabi/6.3.1/../../../../arm-none-eabi/lib/thumb/v6-m\libc_nano.a(lib_a-fflush.o)
                                                  d:/program files (x86)/atmel/studio/7.0/toolchain/arm/arm-gnu-toolchain/bin/../lib/gcc/arm-none-eabi/6.3.1/../../../../arm-none-eabi/lib/thumb/v6-m\libc_nano.a(lib_a-wsetup.o)
                                                  d:/program files (x86)/atmel/studio/7.0/toolchain/arm/arm-gnu-toolchain/bin/../lib/gcc/arm-none-eabi/6.3.1/../../../../arm-none-eabi/lib/thumb/v6-m\libc_nano.a(lib_a-wbuf.o)
                                                  d:/program files (x86)/atmel/studio/7.0/toolchain/arm/arm-gnu-toolchain/bin/../lib/gcc/arm-none-eabi/6.3.1/../../../../arm-none-eabi/lib/thumb/v6-m\libc_nano.a(lib_a-setvbuf.o)
                                                  d:/program files (x86)/atmel/studio/7.0/toolchain/arm/arm-gnu-toolchain/bin/../lib/gcc/arm-none-eabi/6.3.1/../../../../arm-none-eabi/lib/thumb/v6-m\libc_nano.a(lib_a-puts.o)
                                                  d:/program files (x86)/atmel/studio/7.0/toolchain/arm/arm-gnu-toolchain/bin/../lib/gcc/arm-none-eabi/6.3.1/../../../../arm-none-eabi/lib/thumb/v6-m\libc_nano.a(lib_a-impure.o)
__sf_fake_stdin                                   d:/program files (x86)/atmel/studio/7.0/toolchain/arm/arm-gnu-toolchain/bin/../lib/gcc/arm-none-eabi/6.3.1/../../../../arm-none-eabi/lib/thumb/v6-m\libc_nano.a(lib_a-findfp.o)
                                                  d:/program files (x86)/atmel/studio/7.0/toolchain/arm/arm-gnu-toolchain/bin/../lib/gcc/arm-none-eabi/6.3.1/../../../../arm-none-eabi/lib/thumb/v6-m\libc_nano.a(lib_a-nano-vfprintf.o)
                                                  d:/program files (x86)/atmel/studio/7.0/toolchain/arm/arm-gnu-toolchain/bin/../lib/gcc/arm-none-eabi/6.3.1/../../../../arm-none-eabi/lib/thumb/v6-m\libc_nano.a(lib_a-fflush.o)
                                                  d:/program files (x86)/atmel/studio/7.0/toolchain/arm/arm-gnu-toolchain/bin/../lib/gcc/arm-none-eabi/6.3.1/../../../../arm-none-eabi/lib/thumb/v6-m\libc_nano.a(lib_a-wsetup.o)
                                                  d:/program files (x86)/atmel/studio/7.0/toolchain/arm/arm-gnu-toolchain/bin/../lib/gcc/arm-none-eabi/6.3.1/../../../../arm-none-eabi/lib/thumb/v6-m\libc_nano.a(lib_a-wbuf.o)
                                                  d:/program files (x86)/atmel/studio/7.0/toolchain/arm/arm-gnu-toolchain/bin/../lib/gcc/arm-none-eabi/6.3.1/../../../../arm-none-eabi/lib/thumb/v6-m\libc_nano.a(lib_a-setvbuf.o)
                                                  d:/program files (x86)/atmel/studio/7.0/toolchain/arm/arm-gnu-toolchain/bin/../lib/gcc/arm-none-eabi/6.3.1/../../../../arm-none-eabi/lib/thumb/v6-m\libc_nano.a(lib_a-puts.o)
                                                  d:/program files (x86)/atmel/studio/7.0/toolchain/arm/arm-gnu-toolchain/bin/../lib/gcc/arm-none-eabi/6.3.1/../../../../arm-none-eabi/lib/thumb/v6-m\libc_nano.a(lib_a-impure.o)
__sf_fake_stdout                                  d:/program files (x86)/atmel/studio/7.0/toolchain/arm/arm-gnu-toolchain/bin/../lib/gcc/arm-none-eabi/6.3.1/../../../../arm-none-eabi/lib/thumb/v6-m\libc_nano.a(lib_a-findfp.o)
                                                  d:/program files (x86)/atmel/studio/7.0/toolchain/arm/arm-gnu-toolchain/bin/../lib/gcc/arm-none-eabi/6.3.1/../../../../arm-none-eabi/lib/thumb/v6-m\libc_nano.a(lib_a-nano-vfprintf.o)
                                                  d:/program files (x86)/atmel/studio/7.0/toolchain/arm/arm-gnu-toolchain/bin/../lib/gcc/arm-none-eabi/6.3.1/../../../../arm-none-eabi/lib/thumb/v6-m\libc_nano.a(lib_a-fflush.o)
                                                  d:/program files (x86)/atmel/studio/7.0/toolchain/arm/arm-gnu-toolchain/bin/../lib/gcc/arm-none-eabi/6.3.1/../../../../arm-none-eabi/lib/thumb/v6-m\libc_nano.a(lib_a-wsetup.o)
                                                  d:/program files (x86)/atmel/studio/7.0/toolchain/arm/arm-gnu-toolchain/bin/../lib/gcc/arm-none-eabi/6.3.1/../../../../arm-none-eabi/lib/thumb/v6-m\libc_nano.a(lib_a-wbuf.o)
                                                  d:/program files (x86)/atmel/studio/7.0/toolchain/arm/arm-gnu-toolchain/bin/../lib/gcc/arm-none-eabi/6.3.1/../../../../arm-none-eabi/lib/thumb/v6-m\libc_nano.a(lib_a-setvbuf.o)
                                                  d:/program files (x86)/atmel/studio/7.0/toolchain/arm/arm-gnu-toolchain/bin/../lib/gcc/arm-none-eabi/6.3.1/../../../../arm-none-eabi/lib/thumb/v6-m\libc_nano.a(lib_a-puts.o)
                                                  d:/program files (x86)/atmel/studio/7.0/toolchain/arm/arm-gnu-toolchain/bin/../lib/gcc/arm-none-eabi/6.3.1/../../../../arm-none-eabi/lib/thumb/v6-m\libc_nano.a(lib_a-impure.o)
__sflush_r                                        d:/program files (x86)/atmel/studio/7.0/toolchain/arm/arm-gnu-toolchain/bin/../lib/gcc/arm-none-eabi/6.3.1/../../../../arm-none-eabi/lib/thumb/v6-m\libc_nano.a(lib_a-fflush.o)
__sfmoreglue                                      d:/program files (x86)/atmel/studio/7.0/toolchain/arm/arm-gnu-toolchain/bin/../lib/gcc/arm-none-eabi/6.3.1/../../../../arm-none-eabi/lib/thumb/v6-m\libc_nano.a(lib_a-findfp.o)
__sfp                                             d:/program files (x86)/atmel/studio/7.0/toolchain/arm/arm-gnu-toolchain/bin/../lib/gcc/arm-none-eabi/6.3.1/../../../../arm-none-eabi/lib/thumb/v6-m\libc_nano.a(lib_a-findfp.o)
__sfp_lock_acquire                                d:/program files (x86)/atmel/studio/7.0/toolchain/arm/arm-gnu-toolchain/bin/../lib/gcc/arm-none-eabi/6.3.1/../../../../arm-none-eabi/lib/thumb/v6-m\libc_nano.a(lib_a-findfp.o)
__sfp_lock_release                                d:/program files (x86)/atmel/studio/7.0/toolchain/arm/arm-gnu-toolchain/bin/../lib/gcc/arm-none-eabi/6.3.1/../../../../arm-none-eabi/lib/thumb/v6-m\libc_nano.a(lib_a-findfp.o)